Resolution  |  Video  |  Audio  |  Size  |  Duration  |  Name

   640x480  |   2000  |    192  |     1  |  00:00:05  |  d:\Dance\!VIDEO\!ZOUK\!INDIVIDUALS\2013-03-09 Wakko & Masha (Andrei & Sasha & Veronika)\20 cambre.mp4
