Resolution  |  Video  |  Audio  |  Size  |  Duration  |  Name

   768x576  |   1959  |    320  |  1432  |  01:27:00  |  d:\Dance\!VIDEO\!ZOUK\!DISCs\Gilson & Natashа Brazilian Zouk.avi
