Resolution  |  Video  |  Audio  |  Size  |  Duration  |  Name

  1280x720  |   4351  |    128  |    50  |  00:01:34  |  d:\Dance\!VIDEO\!ZOUK\!PEOPLE\Alex de Carvalho\How to Brazilian  Zouk  Dance Lesson  by Alex de Carvalho  Mathilde   LondonZouk Fest.mp4
  1280x720  |   4445  |    132  |    10  |  00:00:18  |  d:\Dance\!VIDEO\!ZOUK\!PEOPLE\Joanna\Never Use Your Hips When doing a Body Roll - Brazilian Zouk Ladies Dance Styling Tutorial.mp4
  1280x720  |   4374  |    128  |    48  |  00:01:29  |  d:\Dance\!VIDEO\!ZOUK\!PEOPLE\William Teixeira\How to Dance Brazilian Zouk Dance Lesson Tutorial by William Teixeira e Paloma Alves.mp4
