Resolution  |  Video  |  Audio  |  Size  |  Duration  |  Name

  1280x720  |   2663  |    128  |     7  |  00:00:22  |  d:\Dance\!VIDEO\!ZOUK\!OTHER EVENTS\2012-07-05 - Mafie Zouker In Moscow\Воркшоп с Mafie Zouker в Москве 2-7.mp4
