   Ext  |  Size  |  Duration  |  Bitrate  |     BPM  |  Name
