00:04:43 | d:\Dance\!VIDEO\!ZOUK\!OTHER EVENTS\1st Royal Zouk Kizomba Festival\1st Royal Zouk  Kizomba Festival - Anthony Brega  Linda - Zouk Workshop (part 1).mp4
00:05:10 | d:\Dance\!VIDEO\!ZOUK\!OTHER EVENTS\1st Royal Zouk Kizomba Festival\1st Royal Zouk  Kizomba Festival - Anthony Brega  Linda - Zouk Workshop (part 2).mp4
00:02:35 | d:\Dance\!VIDEO\!ZOUK\!OTHER EVENTS\1st Royal Zouk Kizomba Festival\1st Royal Zouk  Kizomba Festival - Jan  Anni - Zouk Workshop (part 1).mp4
00:01:57 | d:\Dance\!VIDEO\!ZOUK\!OTHER EVENTS\1st Royal Zouk Kizomba Festival\1st Royal Zouk  Kizomba Festival - Jan  Anni - Zouk Workshop (part 2).mp4
00:02:51 | d:\Dance\!VIDEO\!ZOUK\!OTHER EVENTS\1st Royal Zouk Kizomba Festival\1st Royal Zouk  Kizomba Festival - Junior  Ana Chan - Zouk Workshop.mp4
00:01:06 | d:\Dance\!VIDEO\!ZOUK\!OTHER EVENTS\1st Royal Zouk Kizomba Festival\1st Royal Zouk  Kizomba Festival - Michalina  Kamil - Zouk Workshop.mp4
00:03:39 | d:\Dance\!VIDEO\!ZOUK\!OTHER EVENTS\1st Royal Zouk Kizomba Festival\1st Royal Zouk  Kizomba Festival - Renata  Michał (Salsa Libre) - Zouk Workshop.mp4
00:02:47 | d:\Dance\!VIDEO\!ZOUK\!OTHER EVENTS\1st Royal Zouk Kizomba Festival\1st Royal Zouk  Kizomba Festival - Stathis  Joanna - Zouk Workshop (part 1).mp4
00:01:16 | d:\Dance\!VIDEO\!ZOUK\!OTHER EVENTS\1st Royal Zouk Kizomba Festival\1st Royal Zouk  Kizomba Festival - Stathis  Joanna - Zouk Workshop (part 2).mp4
00:03:39 | d:\Dance\!VIDEO\!ZOUK\!OTHER EVENTS\2011-03-12 - Freddy Marinho & Andressa Castelhano\2011 03 12 - Freddy Marinho  Andressa Castelhano - Samba de Gafieira.flv
00:04:55 | d:\Dance\!VIDEO\!ZOUK\!OTHER EVENTS\2011-03-12 - Freddy Marinho & Andressa Castelhano\2011 03 12 - Freddy Marinho  Andressa Castelhano - zouk.flv
00:03:42 | d:\Dance\!VIDEO\!ZOUK\!OTHER EVENTS\2011-11-12 - Leonardo Neves & Layssa Liebscher\2011 11 12 - Leonardo Neves  Layssa Liebscher  moscow - 1.mp4
00:03:45 | d:\Dance\!VIDEO\!ZOUK\!OTHER EVENTS\2011-11-12 - Leonardo Neves & Layssa Liebscher\2011 11 12 - Leonardo Neves  Layssa Liebscher  moscow - 2.mp4
00:03:39 | d:\Dance\!VIDEO\!ZOUK\!OTHER EVENTS\2011-11-12 - Leonardo Neves & Layssa Liebscher\2011 11 13 - Leonardo Neves  Layssa Liebscher  moscow.mp4
00:00:05 | d:\Dance\!VIDEO\!ZOUK\!OTHER EVENTS\2011-11-12 - Leonardo Neves & Layssa Liebscher\Explanation\Leonardo Neves e Layssa Liebsher 2011 11 12 133330.flv
00:00:16 | d:\Dance\!VIDEO\!ZOUK\!OTHER EVENTS\2011-11-12 - Leonardo Neves & Layssa Liebscher\Explanation\Leonardo Neves e Layssa Liebsher 2011 11 12 133707.flv
00:00:11 | d:\Dance\!VIDEO\!ZOUK\!OTHER EVENTS\2011-11-12 - Leonardo Neves & Layssa Liebscher\Explanation\Leonardo Neves e Layssa Liebsher 2011 11 12 133839.flv
00:00:08 | d:\Dance\!VIDEO\!ZOUK\!OTHER EVENTS\2011-11-12 - Leonardo Neves & Layssa Liebscher\Explanation\Leonardo Neves e Layssa Liebsher 2011 11 12 134144.flv
00:00:08 | d:\Dance\!VIDEO\!ZOUK\!OTHER EVENTS\2011-11-12 - Leonardo Neves & Layssa Liebscher\Explanation\Leonardo Neves e Layssa Liebsher 2011 11 12 135446.flv
00:00:21 | d:\Dance\!VIDEO\!ZOUK\!OTHER EVENTS\2011-11-12 - Leonardo Neves & Layssa Liebscher\Explanation\Leonardo Neves e Layssa Liebsher 2011 11 12 135935.flv
00:00:37 | d:\Dance\!VIDEO\!ZOUK\!OTHER EVENTS\2011-11-12 - Leonardo Neves & Layssa Liebscher\Explanation\Leonardo Neves e Layssa Liebsher 2011 11 12 140527.flv
00:00:17 | d:\Dance\!VIDEO\!ZOUK\!OTHER EVENTS\2011-11-12 - Leonardo Neves & Layssa Liebscher\Explanation\Leonardo Neves e Layssa Liebsher 2011 11 12 140857.flv
00:01:31 | d:\Dance\!VIDEO\!ZOUK\!OTHER EVENTS\2011-11-12 - Leonardo Neves & Layssa Liebscher\Explanation\Leonardo Neves e Layssa Liebsher 2011 11 12 143144.flv
00:01:18 | d:\Dance\!VIDEO\!ZOUK\!OTHER EVENTS\2011-11-12 - Leonardo Neves & Layssa Liebscher\Explanation\Leonardo Neves e Layssa Liebsher 2011 11 12 144121.flv
00:00:16 | d:\Dance\!VIDEO\!ZOUK\!OTHER EVENTS\2011-11-12 - Leonardo Neves & Layssa Liebscher\Explanation\Leonardo Neves e Layssa Liebsher 2011 11 12 144758.flv
00:00:20 | d:\Dance\!VIDEO\!ZOUK\!OTHER EVENTS\2011-11-12 - Leonardo Neves & Layssa Liebscher\Explanation\Leonardo Neves e Layssa Liebsher 2011 11 12 145243.flv
00:00:15 | d:\Dance\!VIDEO\!ZOUK\!OTHER EVENTS\2011-11-12 - Leonardo Neves & Layssa Liebscher\Explanation\Leonardo Neves e Layssa Liebsher 2011 11 12 151003.flv
00:00:41 | d:\Dance\!VIDEO\!ZOUK\!OTHER EVENTS\2011-11-12 - Leonardo Neves & Layssa Liebscher\Explanation\Leonardo Neves e Layssa Liebsher 2011 11 12 151708.flv
00:00:33 | d:\Dance\!VIDEO\!ZOUK\!OTHER EVENTS\2011-11-12 - Leonardo Neves & Layssa Liebscher\Explanation\Leonardo Neves e Layssa Liebsher 2011 11 12 152404.flv
00:01:04 | d:\Dance\!VIDEO\!ZOUK\!OTHER EVENTS\2011-11-12 - Leonardo Neves & Layssa Liebscher\Explanation\Leonardo Neves e Layssa Liebsher 2011 11 12 152733.flv
00:01:48 | d:\Dance\!VIDEO\!ZOUK\!OTHER EVENTS\2011-11-12 - Leonardo Neves & Layssa Liebscher\Explanation\Leonardo Neves e Layssa Liebsher 2011 11 12 153233.flv
00:02:00 | d:\Dance\!VIDEO\!ZOUK\!OTHER EVENTS\2011-11-12 - Leonardo Neves & Layssa Liebscher\Explanation\Leonardo Neves e Layssa Liebsher 2011 11 12 154925.flv
00:00:28 | d:\Dance\!VIDEO\!ZOUK\!OTHER EVENTS\2011-11-12 - Leonardo Neves & Layssa Liebscher\Explanation\Leonardo Neves e Layssa Liebsher 2011 11 12 155600.flv
00:00:08 | d:\Dance\!VIDEO\!ZOUK\!OTHER EVENTS\2011-11-12 - Leonardo Neves & Layssa Liebscher\Explanation\Leonardo Neves e Layssa Liebsher 2011 11 13 14 27 34.flv
00:02:33 | d:\Dance\!VIDEO\!ZOUK\!OTHER EVENTS\2011-11-12 - Leonardo Neves & Layssa Liebscher\Explanation\Leonardo Neves e Layssa Liebsher 2011 11 13 14 31 15.flv
00:00:04 | d:\Dance\!VIDEO\!ZOUK\!OTHER EVENTS\2011-11-12 - Leonardo Neves & Layssa Liebscher\Explanation\Leonardo Neves e Layssa Liebsher 2011 11 13 14 39 52.flv
00:00:32 | d:\Dance\!VIDEO\!ZOUK\!OTHER EVENTS\2011-11-12 - Leonardo Neves & Layssa Liebscher\Explanation\Leonardo Neves e Layssa Liebsher 2011 11 13 14 50 29.flv
00:00:51 | d:\Dance\!VIDEO\!ZOUK\!OTHER EVENTS\2011-11-12 - Leonardo Neves & Layssa Liebscher\Explanation\Leonardo Neves e Layssa Liebsher 2011 11 13 14 54 33.flv
00:01:20 | d:\Dance\!VIDEO\!ZOUK\!OTHER EVENTS\2011-11-12 - Leonardo Neves & Layssa Liebscher\Explanation\Leonardo Neves e Layssa Liebsher 2011 11 13 14 57 49.flv
00:00:42 | d:\Dance\!VIDEO\!ZOUK\!OTHER EVENTS\2011-11-12 - Leonardo Neves & Layssa Liebscher\Explanation\Leonardo Neves e Layssa Liebsher 2011 11 13 15 27 24.flv
00:00:23 | d:\Dance\!VIDEO\!ZOUK\!OTHER EVENTS\2011-11-12 - Leonardo Neves & Layssa Liebscher\Explanation\Leonardo Neves e Layssa Liebsher 2011 11 13 15 32 58.flv
00:00:17 | d:\Dance\!VIDEO\!ZOUK\!OTHER EVENTS\2011-11-12 - Leonardo Neves & Layssa Liebscher\Explanation\Leonardo Neves e Layssa Liebsher 2011 11 13 15 36 01.flv
00:00:09 | d:\Dance\!VIDEO\!ZOUK\!OTHER EVENTS\2011-11-12 - Leonardo Neves & Layssa Liebscher\Explanation\Leonardo Neves e Layssa Liebsher 2011 11 13 15 39 00.flv
00:00:53 | d:\Dance\!VIDEO\!ZOUK\!OTHER EVENTS\2011-11-12 - Leonardo Neves & Layssa Liebscher\Explanation\Leonardo Neves e Layssa Liebsher 2011 11 13 15 43 20.flv
00:01:15 | d:\Dance\!VIDEO\!ZOUK\!OTHER EVENTS\2011-11-12 - Leonardo Neves & Layssa Liebscher\Explanation\Leonardo Neves e Layssa Liebsher 2011 11 13 15 46 46.flv
00:01:26 | d:\Dance\!VIDEO\!ZOUK\!OTHER EVENTS\2011-11-12 - Leonardo Neves & Layssa Liebscher\Explanation\Leonardo Neves e Layssa Liebsher 2011 11 13 15 51 31.flv
00:00:19 | d:\Dance\!VIDEO\!ZOUK\!OTHER EVENTS\2011-11-12 - Leonardo Neves & Layssa Liebscher\Explanation\Leonardo Neves e Layssa Liebsher 2011 11 13 16 01 14.flv
00:00:20 | d:\Dance\!VIDEO\!ZOUK\!OTHER EVENTS\2011-11-12 - Leonardo Neves & Layssa Liebscher\Explanation\Leonardo Neves e Layssa Liebsher 2011 11 13 16 27 57.flv
00:04:36 | d:\Dance\!VIDEO\!ZOUK\!OTHER EVENTS\2011-12-10 - 6th Spiral Dancers\2011 12 10 - 6th spiral dancers  lloret de mar - Carlos  Sofie workshop.mp4
00:04:08 | d:\Dance\!VIDEO\!ZOUK\!OTHER EVENTS\2011-12-10 - 6th Spiral Dancers\2011 12 10 - 6th spiral dancers  lloret de mar - Freddy  Andressa workshop 1.mp4
00:03:43 | d:\Dance\!VIDEO\!ZOUK\!OTHER EVENTS\2011-12-10 - 6th Spiral Dancers\2011 12 10 - 6th spiral dancers  lloret de mar - Freddy  Andressa workshop 2.mp4
00:04:07 | d:\Dance\!VIDEO\!ZOUK\!OTHER EVENTS\2011-12-10 - 6th Spiral Dancers\2011 12 10 - 6th spiral dancers  lloret de mar - Leonardo  Layssa workshop 1.mp4
00:04:28 | d:\Dance\!VIDEO\!ZOUK\!OTHER EVENTS\2011-12-10 - 6th Spiral Dancers\2011 12 10 - 6th spiral dancers  lloret de mar - Leonardo  Layssa workshop 2.mp4
00:03:42 | d:\Dance\!VIDEO\!ZOUK\!OTHER EVENTS\2011-12-10 - 6th Spiral Dancers\2011 12 10 - 6th spiral dancers  lloret de mar - Luciano  Sofie workshop.mp4
00:04:49 | d:\Dance\!VIDEO\!ZOUK\!OTHER EVENTS\2011-12-10 - 6th Spiral Dancers\2011 12 10 - 6th spiral dancers  lloret de mar - Mafie Zouker workshop.mp4
00:03:22 | d:\Dance\!VIDEO\!ZOUK\!OTHER EVENTS\2011-12-10 - 6th Spiral Dancers\2011 12 10 - 6th spiral dancers  lloret de mar - Pasty  Josta workshop.mp4
00:04:00 | d:\Dance\!VIDEO\!ZOUK\!OTHER EVENTS\2011-12-10 - 6th Spiral Dancers\2011 12 11 - 6th spiral dancers  lloret de mar - Carlos  Sofie workshop.mp4
00:04:06 | d:\Dance\!VIDEO\!ZOUK\!OTHER EVENTS\2011-12-10 - 6th Spiral Dancers\2011 12 11 - 6th spiral dancers  lloret de mar - Freddy  Andressa workshop 1.mp4
00:03:54 | d:\Dance\!VIDEO\!ZOUK\!OTHER EVENTS\2011-12-10 - 6th Spiral Dancers\2011 12 11 - 6th spiral dancers  lloret de mar - Freddy  Andressa workshop 2.mp4
00:03:36 | d:\Dance\!VIDEO\!ZOUK\!OTHER EVENTS\2011-12-10 - 6th Spiral Dancers\2011 12 11 - 6th spiral dancers  lloret de mar - Leonardo  Layssa workshop.mp4
00:04:08 | d:\Dance\!VIDEO\!ZOUK\!OTHER EVENTS\2011-12-10 - 6th Spiral Dancers\2011 12 11 - 6th spiral dancers  lloret de mar - Pasty  Asia Zwierzyniska workshop.mp4
00:03:31 | d:\Dance\!VIDEO\!ZOUK\!OTHER EVENTS\2012 BACHATURO\BACHATURO 2012 - CARLOS  FERNANDA - Zouk technics (full demo).mp4
00:00:39 | d:\Dance\!VIDEO\!ZOUK\!OTHER EVENTS\2012 BACHATURO\BACHATURO 2012 - CARLOS  FERNANDA - Zouk technics (short demo).mp4
00:02:29 | d:\Dance\!VIDEO\!ZOUK\!OTHER EVENTS\2012 BACHATURO\BACHATURO 2012 - DANIEL  LETICIA - Zouk with contact improvisation.mp4
00:03:36 | d:\Dance\!VIDEO\!ZOUK\!OTHER EVENTS\2012 BACHATURO\BACHATURO 2012 - GABRYEL  BEGONA - Modern Dominican Bachata.mp4
00:02:46 | d:\Dance\!VIDEO\!ZOUK\!OTHER EVENTS\2012 BACHATURO\BACHATURO 2012 - JAMES  LINDA - Bachata Fusion.mp4
00:02:02 | d:\Dance\!VIDEO\!ZOUK\!OTHER EVENTS\2012 BACHATURO\BACHATURO 2012 - TONY LARA  CLAUDIA SABOR - Bachata Tricks.mp4
00:03:45 | d:\Dance\!VIDEO\!ZOUK\!OTHER EVENTS\2012 BACHATURO\BACHATURO 2012 - WAKKO  MASHA - Zouk cambret and head movement.mp4
00:01:50 | d:\Dance\!VIDEO\!ZOUK\!OTHER EVENTS\2012 BACHATURO\BACHATURO 2012 - WAKKO  MASHA - Zouk combinations.mp4
00:01:52 | d:\Dance\!VIDEO\!ZOUK\!OTHER EVENTS\2012 BACHATURO\BACHATURO 2012 - WAKKO  MASHA - Zouk flow and neo.mp4
00:04:05 | d:\Dance\!VIDEO\!ZOUK\!OTHER EVENTS\2012 BACHATURO\BACHATURO 2012 - WAKKO  MASHA - Zouk musicality.mp4
00:03:59 | d:\Dance\!VIDEO\!ZOUK\!OTHER EVENTS\2012 BACHATURO\BACHATURO 2012 - WAKKO - Zouk Man Style.mp4
00:03:52 | d:\Dance\!VIDEO\!ZOUK\!OTHER EVENTS\2012-02-18 - Mini Zouk Time\2012 02 18 - minizouktime  brno - workshops - 1 - Gilson  Natasha.mp4
00:03:47 | d:\Dance\!VIDEO\!ZOUK\!OTHER EVENTS\2012-02-18 - Mini Zouk Time\2012 02 18 - minizouktime  brno - workshops - 2 - Kadu  Larissa.mp4
00:03:41 | d:\Dance\!VIDEO\!ZOUK\!OTHER EVENTS\2012-02-18 - Mini Zouk Time\2012 02 18 - minizouktime  brno - workshops - 3 - Kadu  Larissa - 2.mp4
00:02:38 | d:\Dance\!VIDEO\!ZOUK\!OTHER EVENTS\2012-02-18 - Mini Zouk Time\2012 02 18 - minizouktime  brno - workshops - 4 - William  Sofie.mp4
00:02:59 | d:\Dance\!VIDEO\!ZOUK\!OTHER EVENTS\2012-02-18 - Mini Zouk Time\2012 02 18 - minizouktime  brno - workshops - 5 - William  Sofie - 2.mp4
00:03:12 | d:\Dance\!VIDEO\!ZOUK\!OTHER EVENTS\2012-02-18 - Mini Zouk Time\2012 02 19 - minizouktime  brno - workshops - 1 - William  Sofie.mp4
00:02:30 | d:\Dance\!VIDEO\!ZOUK\!OTHER EVENTS\2012-02-18 - Mini Zouk Time\2012 02 19 - minizouktime  brno - workshops - 2 - William  Sofie 2.mp4
00:00:53 | d:\Dance\!VIDEO\!ZOUK\!OTHER EVENTS\2012-02-18 - Mini Zouk Time\2012 02 19 - minizouktime  brno - workshops - 3 - Kadu  Larissa.mp4
00:01:28 | d:\Dance\!VIDEO\!ZOUK\!OTHER EVENTS\2012-02-18 - Mini Zouk Time\2012 02 19 - minizouktime  brno - workshops - 4 - William  Sofie samba no pe.mp4
00:01:30 | d:\Dance\!VIDEO\!ZOUK\!OTHER EVENTS\2012-02-18 - Mini Zouk Time\2012 02 19 - minizouktime  brno - workshops - 5 - Kadu  Larissa.mp4
00:01:42 | d:\Dance\!VIDEO\!ZOUK\!OTHER EVENTS\2012-02-18 - Mini Zouk Time\2012 02 19 - minizouktime  brno - workshops - 6 - Gilson  Natasha.mp4
00:01:11 | d:\Dance\!VIDEO\!ZOUK\!OTHER EVENTS\2012-02-18 - Mini Zouk Time\2012 02 19 - minizouktime  brno - workshops - 7 - Kadu  Larissa 2.mp4
00:03:57 | d:\Dance\!VIDEO\!ZOUK\!OTHER EVENTS\2012-03-29 - Prague Zouk & Samba Congress\2012 03 29 - izc  prague - workshops - 1 - Rodrigo  Rachel.mp4
00:04:46 | d:\Dance\!VIDEO\!ZOUK\!OTHER EVENTS\2012-03-29 - Prague Zouk & Samba Congress\2012 03 29 - izc  prague - workshops - 2 - Renata  Jorge.mp4
00:01:27 | d:\Dance\!VIDEO\!ZOUK\!OTHER EVENTS\2012-03-29 - Prague Zouk & Samba Congress\2012 03 29 - izc  prague - workshops - 3 - Nayan  Samantha.mp4
00:01:42 | d:\Dance\!VIDEO\!ZOUK\!OTHER EVENTS\2012-03-29 - Prague Zouk & Samba Congress\2012 03 30 - izc  prague - workshops - 1 - Nayan  Samantha.mp4
00:02:52 | d:\Dance\!VIDEO\!ZOUK\!OTHER EVENTS\2012-03-29 - Prague Zouk & Samba Congress\2012 03 30 - izc  prague - workshops - 2 - Renata  Jorge.mp4
00:03:15 | d:\Dance\!VIDEO\!ZOUK\!OTHER EVENTS\2012-03-29 - Prague Zouk & Samba Congress\2012 03 30 - izc  prague - workshops - 3 - Olaya.mp4
00:03:26 | d:\Dance\!VIDEO\!ZOUK\!OTHER EVENTS\2012-03-29 - Prague Zouk & Samba Congress\2012 03 31 - izc  prague - workshops - 1 - Leonardo  Layssa.mp4
00:00:50 | d:\Dance\!VIDEO\!ZOUK\!OTHER EVENTS\2012-03-29 - Prague Zouk & Samba Congress\2012 03 31 - izc  prague - workshops - 2 - Xandy Liberato.mp4
00:04:20 | d:\Dance\!VIDEO\!ZOUK\!OTHER EVENTS\2012-03-29 - Prague Zouk & Samba Congress\2012 03 31 - izc  prague - workshops - 3 - Alisson  Audrey.mp4
00:04:19 | d:\Dance\!VIDEO\!ZOUK\!OTHER EVENTS\2012-03-29 - Prague Zouk & Samba Congress\2012 03 31 - izc  prague - workshops - 4 - Daniel  Leticia.mp4
00:02:13 | d:\Dance\!VIDEO\!ZOUK\!OTHER EVENTS\2012-03-29 - Prague Zouk & Samba Congress\2012 04 01 - izc  prague - workshops - 1 - Luciano  Sofie.mp4
00:01:38 | d:\Dance\!VIDEO\!ZOUK\!OTHER EVENTS\2012-03-29 - Prague Zouk & Samba Congress\2012 04 01 - izc  prague - workshops - 2 - William  Anna.mp4
00:00:31 | d:\Dance\!VIDEO\!ZOUK\!OTHER EVENTS\2012-03-29 - Prague Zouk & Samba Congress\2012 04 01 - izc  prague - workshops - 3 - Daniel  Leticia.mp4
00:03:45 | d:\Dance\!VIDEO\!ZOUK\!OTHER EVENTS\2012-03-29 - Prague Zouk & Samba Congress\2012 04 01 - izc  prague - workshops - 5 - Renata  Jorge.mp4
00:05:01 | d:\Dance\!VIDEO\!ZOUK\!OTHER EVENTS\2012-03-29 - Prague Zouk & Samba Congress\2012 04 01 - izc  prague - workshops - 6 - Braz  Patricia.mp4
00:00:23 | d:\Dance\!VIDEO\!ZOUK\!OTHER EVENTS\2012-03-29 - Prague Zouk & Samba Congress\2012 04 01 - izc  prague - workshops - 7 - Alisson  Audrey.mp4
00:03:33 | d:\Dance\!VIDEO\!ZOUK\!OTHER EVENTS\2012-03-29 - Prague Zouk & Samba Congress\2012 04 01 - izc  prague - workshops - 8 - Gilson  Natasha.mp4
00:03:31 | d:\Dance\!VIDEO\!ZOUK\!OTHER EVENTS\2012-05-12 - Paris Samba & Zouk\2012 05 12 - parissambazouk - workshops - 1 - Freddy  Andressa.mp4
00:01:20 | d:\Dance\!VIDEO\!ZOUK\!OTHER EVENTS\2012-05-12 - Paris Samba & Zouk\2012 05 12 - parissambazouk - workshops - 2 - Karina  Rodrigo.mp4
00:03:49 | d:\Dance\!VIDEO\!ZOUK\!OTHER EVENTS\2012-05-12 - Paris Samba & Zouk\2012 05 12 - parissambazouk - workshops - 3 - Gilson  Natasha.mp4
00:03:04 | d:\Dance\!VIDEO\!ZOUK\!OTHER EVENTS\2012-05-12 - Paris Samba & Zouk\2012 05 12 - parissambazouk - workshops - 4 - Karina  Rodrigo.mp4
00:03:27 | d:\Dance\!VIDEO\!ZOUK\!OTHER EVENTS\2012-05-12 - Paris Samba & Zouk\2012 05 13 - parissambazouk - workshops - 1 - Freddy  Andressa.mp4
00:03:16 | d:\Dance\!VIDEO\!ZOUK\!OTHER EVENTS\2012-05-12 - Paris Samba & Zouk\2012 05 13 - parissambazouk - workshops - 2 - Karina  Rodrigo.mp4
00:02:42 | d:\Dance\!VIDEO\!ZOUK\!OTHER EVENTS\2012-06-30 - International Zouk & Samba Congress in Moscow\2012 06 30 - izsc  moscow - workshops - 2 - William  Anna.mp4
00:03:50 | d:\Dance\!VIDEO\!ZOUK\!OTHER EVENTS\2012-06-30 - International Zouk & Samba Congress in Moscow\2012 06 30 - izsc  moscow - workshops - 3 - Renata  Jorge.mp4
00:01:26 | d:\Dance\!VIDEO\!ZOUK\!OTHER EVENTS\2012-06-30 - International Zouk & Samba Congress in Moscow\2012 06 30 - izsc  moscow - workshops - 4 - Mafie Zouker.mp4
00:03:03 | d:\Dance\!VIDEO\!ZOUK\!OTHER EVENTS\2012-06-30 - International Zouk & Samba Congress in Moscow\2012 06 30 - izsc  moscow - workshops - 5 - Ailton  Jessica.mp4
00:04:01 | d:\Dance\!VIDEO\!ZOUK\!OTHER EVENTS\2012-06-30 - International Zouk & Samba Congress in Moscow\2012 06 30 - izsc  moscow - workshops - 6 - Dadinho  Suelen.mp4
00:02:43 | d:\Dance\!VIDEO\!ZOUK\!OTHER EVENTS\2012-06-30 - International Zouk & Samba Congress in Moscow\2012 06 30 - izsc  moscow - workshops - 7 - Mafie Zouker.mp4
00:04:05 | d:\Dance\!VIDEO\!ZOUK\!OTHER EVENTS\2012-06-30 - International Zouk & Samba Congress in Moscow\2012 06 30 - izsc  moscow - workshops - 8 - Renata  Jorge.mp4
00:03:22 | d:\Dance\!VIDEO\!ZOUK\!OTHER EVENTS\2012-06-30 - International Zouk & Samba Congress in Moscow\2012 07 01 - izsc  moscow - workshops - 1 - Gilson  Natasha  Renata.mp4
00:04:22 | d:\Dance\!VIDEO\!ZOUK\!OTHER EVENTS\2012-06-30 - International Zouk & Samba Congress in Moscow\2012 07 01 - izsc  moscow - workshops - 2 - Renata  Jorge.mp4
00:01:57 | d:\Dance\!VIDEO\!ZOUK\!OTHER EVENTS\2012-06-30 - International Zouk & Samba Congress in Moscow\2012 07 01 - izsc  moscow - workshops - 3 - Carlos  Lenka.mp4
00:04:25 | d:\Dance\!VIDEO\!ZOUK\!OTHER EVENTS\2012-06-30 - International Zouk & Samba Congress in Moscow\2012 07 01 - izsc  moscow - workshops - 4 - Wakko  Masha.mp4
00:02:41 | d:\Dance\!VIDEO\!ZOUK\!OTHER EVENTS\2012-06-30 - International Zouk & Samba Congress in Moscow\2012 07 01 - izsc  moscow - workshops - 5 - Mafie Zouker.mp4
00:03:52 | d:\Dance\!VIDEO\!ZOUK\!OTHER EVENTS\2012-06-30 - International Zouk & Samba Congress in Moscow\2012 07 01 - izsc  moscow - workshops - 6 - Dadinho  Suelen.mp4
00:01:00 | d:\Dance\!VIDEO\!ZOUK\!OTHER EVENTS\2012-06-30 - International Zouk & Samba Congress in Moscow\2012 07 01 - izsc  moscow - workshops - 7 - Berg  Solange.mp4
00:04:07 | d:\Dance\!VIDEO\!ZOUK\!OTHER EVENTS\2012-06-30 - International Zouk & Samba Congress in Moscow\2012 07 01 - izsc  moscow - workshops - 8 - Carlos  Lenka.mp4
00:02:00 | d:\Dance\!VIDEO\!ZOUK\!OTHER EVENTS\2012-06-30 - International Zouk & Samba Congress in Moscow\Explanation\Moscow Zouk Congress 2012 - Adilio Porto - Zouk General.mp4
00:07:00 | d:\Dance\!VIDEO\!ZOUK\!OTHER EVENTS\2012-06-30 - International Zouk & Samba Congress in Moscow\Explanation\Moscow Zouk Congress 2012 - Adilio Porto - Zouk.mp4
00:04:10 | d:\Dance\!VIDEO\!ZOUK\!OTHER EVENTS\2012-06-30 - International Zouk & Samba Congress in Moscow\Explanation\Moscow Zouk Congress 2012 - Carlos  Lenka - Zouk Moves.mp4
00:04:37 | d:\Dance\!VIDEO\!ZOUK\!OTHER EVENTS\2012-06-30 - International Zouk & Samba Congress in Moscow\Explanation\Moscow Zouk Congress 2012 - Carlos  Lenka - Zouk.mp4
00:04:57 | d:\Dance\!VIDEO\!ZOUK\!OTHER EVENTS\2012-06-30 - International Zouk & Samba Congress in Moscow\Explanation\Moscow Zouk Congress 2012 - Gilson  Natasha - Lambazouk Must Know.mp4
00:01:58 | d:\Dance\!VIDEO\!ZOUK\!OTHER EVENTS\2012-06-30 - International Zouk & Samba Congress in Moscow\Explanation\Moscow Zouk Congress 2012 - Gilson  Natasha - Lambazouk.mp4
00:03:39 | d:\Dance\!VIDEO\!ZOUK\!OTHER EVENTS\2012-06-30 - International Zouk & Samba Congress in Moscow\Explanation\Moscow Zouk Congress 2012 - Joe  Solange - Lambada Combinations.mp4
00:07:02 | d:\Dance\!VIDEO\!ZOUK\!OTHER EVENTS\2012-06-30 - International Zouk & Samba Congress in Moscow\Explanation\Moscow Zouk Congress 2012 - Mafie Zouker - NeoZouk Combinations.mp4
00:05:48 | d:\Dance\!VIDEO\!ZOUK\!OTHER EVENTS\2012-06-30 - International Zouk & Samba Congress in Moscow\Explanation\Moscow Zouk Congress 2012 - Mafie Zouker - NeoZouk Contact Techniques.mp4
00:06:34 | d:\Dance\!VIDEO\!ZOUK\!OTHER EVENTS\2012-06-30 - International Zouk & Samba Congress in Moscow\Explanation\Moscow Zouk Congress 2012 - Mafie Zouker - NeoZouk.mp4
00:06:24 | d:\Dance\!VIDEO\!ZOUK\!OTHER EVENTS\2012-06-30 - International Zouk & Samba Congress in Moscow\Explanation\Moscow Zouk Congress 2012 - Renata  Jorge - Zouk Combinations.mp4
00:05:30 | d:\Dance\!VIDEO\!ZOUK\!OTHER EVENTS\2012-06-30 - International Zouk & Samba Congress in Moscow\Explanation\Moscow Zouk Congress 2012 - Renata  Jorge - Zouk Fundamentals.mp4
00:06:03 | d:\Dance\!VIDEO\!ZOUK\!OTHER EVENTS\2012-06-30 - International Zouk & Samba Congress in Moscow\Explanation\Moscow Zouk Congress 2012 - Renata  Jorge - Zouk.mp4
00:03:15 | d:\Dance\!VIDEO\!ZOUK\!OTHER EVENTS\2012-06-30 - International Zouk & Samba Congress in Moscow\izsc  moscow - workshops - Dadinho Sueden. Zouk 1.mp4
00:03:33 | d:\Dance\!VIDEO\!ZOUK\!OTHER EVENTS\2012-06-30 - International Zouk & Samba Congress in Moscow\izsc  moscow - workshops - Dadinho Sueden. Zouk 2.mp4
00:03:50 | d:\Dance\!VIDEO\!ZOUK\!OTHER EVENTS\2012-07-03 - Dadinho & Suelen in Moscow\2012 07 03 - Dadinho  Suelen samba workshop  moscow.mp4
00:03:16 | d:\Dance\!VIDEO\!ZOUK\!OTHER EVENTS\2012-07-03 - Dadinho & Suelen in Moscow\2012 07 03 - Dadinho  Suelen zouk workshop  moscow.mp4
00:00:03 | d:\Dance\!VIDEO\!ZOUK\!OTHER EVENTS\2012-07-05 - Mafie Zouker In Moscow\Воркшоп с Mafie Zouker в Москве 1-1.mp4
00:03:42 | d:\Dance\!VIDEO\!ZOUK\!OTHER EVENTS\2012-07-05 - Mafie Zouker In Moscow\Воркшоп с Mafie Zouker в Москве 1-2.mp4
00:03:44 | d:\Dance\!VIDEO\!ZOUK\!OTHER EVENTS\2012-07-05 - Mafie Zouker In Moscow\Воркшоп с Mafie Zouker в Москве 1-3.mp4
00:00:53 | d:\Dance\!VIDEO\!ZOUK\!OTHER EVENTS\2012-07-05 - Mafie Zouker In Moscow\Воркшоп с Mafie Zouker в Москве 1-4.mp4
00:01:29 | d:\Dance\!VIDEO\!ZOUK\!OTHER EVENTS\2012-07-05 - Mafie Zouker In Moscow\Воркшоп с Mafie Zouker в Москве 1-5.mp4
00:00:35 | d:\Dance\!VIDEO\!ZOUK\!OTHER EVENTS\2012-07-05 - Mafie Zouker In Moscow\Воркшоп с Mafie Zouker в Москве 2-1.mp4
00:00:30 | d:\Dance\!VIDEO\!ZOUK\!OTHER EVENTS\2012-07-05 - Mafie Zouker In Moscow\Воркшоп с Mafie Zouker в Москве 2-2.mp4
00:01:09 | d:\Dance\!VIDEO\!ZOUK\!OTHER EVENTS\2012-07-05 - Mafie Zouker In Moscow\Воркшоп с Mafie Zouker в Москве 2-3.mp4
00:00:31 | d:\Dance\!VIDEO\!ZOUK\!OTHER EVENTS\2012-07-05 - Mafie Zouker In Moscow\Воркшоп с Mafie Zouker в Москве 2-4.mp4
00:01:12 | d:\Dance\!VIDEO\!ZOUK\!OTHER EVENTS\2012-07-05 - Mafie Zouker In Moscow\Воркшоп с Mafie Zouker в Москве 2-5.mp4
00:01:36 | d:\Dance\!VIDEO\!ZOUK\!OTHER EVENTS\2012-07-05 - Mafie Zouker In Moscow\Воркшоп с Mafie Zouker в Москве 2-6.mp4
00:00:22 | d:\Dance\!VIDEO\!ZOUK\!OTHER EVENTS\2012-07-05 - Mafie Zouker In Moscow\Воркшоп с Mafie Zouker в Москве 2-7.mp4
00:00:28 | d:\Dance\!VIDEO\!ZOUK\!OTHER EVENTS\2012-07-05 - Mafie Zouker In Moscow\Воркшоп с Mafie Zouker в Москве 2-8.mp4
00:05:39 | d:\Dance\!VIDEO\!ZOUK\!OTHER EVENTS\2012-07-05 - Mafie Zouker In Moscow\Воркшоп с Mafie Zouker в Москве 3-1.mp4
00:00:38 | d:\Dance\!VIDEO\!ZOUK\!OTHER EVENTS\2012-07-05 - Mafie Zouker In Moscow\Воркшоп с Mafie Zouker в Москве 3-2.mp4
00:06:00 | d:\Dance\!VIDEO\!ZOUK\!OTHER EVENTS\2012-07-05 - Mafie Zouker In Moscow\Воркшоп с Mafie Zouker в Москве 3-3.mp4
00:00:58 | d:\Dance\!VIDEO\!ZOUK\!OTHER EVENTS\2012-07-05 - Mafie Zouker In Moscow\Воркшоп с Mafie Zouker в Москве 3-4.mp4
00:03:07 | d:\Dance\!VIDEO\!ZOUK\!OTHER EVENTS\2012-07-05 - Mafie Zouker In Moscow\Воркшоп с Mafie Zouker в Москве 3-5.mp4
00:01:14 | d:\Dance\!VIDEO\!ZOUK\!OTHER EVENTS\2012-08-16 - Prague Zouk & Samba Congress\2012 08 16 - zsc  prague - workshops - 1 - David  Sarah.mp4
00:03:40 | d:\Dance\!VIDEO\!ZOUK\!OTHER EVENTS\2012-08-16 - Prague Zouk & Samba Congress\2012 08 16 - zsc  prague - workshops - 2 - Carlos  Lenka.mp4
00:01:31 | d:\Dance\!VIDEO\!ZOUK\!OTHER EVENTS\2012-08-16 - Prague Zouk & Samba Congress\2012 08 17 - zsc  prague - workshops - 1 - Carlos  Lenka.mp4
00:03:42 | d:\Dance\!VIDEO\!ZOUK\!OTHER EVENTS\2012-08-16 - Prague Zouk & Samba Congress\2012 08 17 - zsc  prague - workshops - 2 - Leo  Robertinha.mp4
00:02:18 | d:\Dance\!VIDEO\!ZOUK\!OTHER EVENTS\2012-08-16 - Prague Zouk & Samba Congress\2012 08 17 - zsc  prague - workshops - 3 - Kadu  Larissa.mp4
00:03:40 | d:\Dance\!VIDEO\!ZOUK\!OTHER EVENTS\2012-08-16 - Prague Zouk & Samba Congress\2012 08 17 - zsc  prague - workshops - 6 - Rodrigo  Karina.mp4
00:01:15 | d:\Dance\!VIDEO\!ZOUK\!OTHER EVENTS\2012-08-16 - Prague Zouk & Samba Congress\2012 08 18 - zsc  prague - workshops - 1 - David  Sarah.mp4
00:03:38 | d:\Dance\!VIDEO\!ZOUK\!OTHER EVENTS\2012-08-16 - Prague Zouk & Samba Congress\2012 08 18 - zsc  prague - workshops - 2 - Leo  Robertinha.mp4
00:03:59 | d:\Dance\!VIDEO\!ZOUK\!OTHER EVENTS\2012-08-16 - Prague Zouk & Samba Congress\2012 08 18 - zsc  prague - workshops - 3 - Rodrigo  Karina.mp4
00:02:30 | d:\Dance\!VIDEO\!ZOUK\!OTHER EVENTS\2012-08-16 - Prague Zouk & Samba Congress\2012 08 18 - zsc  prague - workshops - 4 - Kamacho  Larissa.mp4
00:02:55 | d:\Dance\!VIDEO\!ZOUK\!OTHER EVENTS\2012-08-16 - Prague Zouk & Samba Congress\2012 08 18 - zsc  prague - workshops - 5 - Leo  Robertinha.mp4
00:03:36 | d:\Dance\!VIDEO\!ZOUK\!OTHER EVENTS\2012-08-16 - Prague Zouk & Samba Congress\2012 08 19 - zsc  prague - workshops - 1 - Dadinho  Suelen.mp4
00:03:44 | d:\Dance\!VIDEO\!ZOUK\!OTHER EVENTS\2012-08-16 - Prague Zouk & Samba Congress\2012 08 19 - zsc  prague - workshops - 2 - Carlos  Ruanita.mp4
00:03:53 | d:\Dance\!VIDEO\!ZOUK\!OTHER EVENTS\2012-08-16 - Prague Zouk & Samba Congress\2012 08 19 - zsc  prague - workshops - 3 - Kadu  Larissa.mp4
00:03:42 | d:\Dance\!VIDEO\!ZOUK\!OTHER EVENTS\2012-08-16 - Prague Zouk & Samba Congress\2012 08 19 - zsc  prague - workshops - 4 - Leo  Robertinha.mp4
00:01:03 | d:\Dance\!VIDEO\!ZOUK\!OTHER EVENTS\2012-08-16 - Prague Zouk & Samba Congress\2012 08 19 - zsc  prague - workshops - 5 - David  Sarah.mp4
00:04:03 | d:\Dance\!VIDEO\!ZOUK\!OTHER EVENTS\2012-09-09 - Marco Bezerra & Aimée Borges\Урок Зука Marco Bezerra  Aimée Borges 2012-09-08 1-1.mp4
00:04:32 | d:\Dance\!VIDEO\!ZOUK\!OTHER EVENTS\2012-09-09 - Marco Bezerra & Aimée Borges\Урок Зука Marco Bezerra  Aimée Borges 2012-09-08 1-2.mp4
00:03:53 | d:\Dance\!VIDEO\!ZOUK\!OTHER EVENTS\2012-09-09 - Marco Bezerra & Aimée Borges\Урок Зука Marco Bezerra  Aimée Borges 2012-09-08 1-3.mp4
00:04:09 | d:\Dance\!VIDEO\!ZOUK\!OTHER EVENTS\2012-09-09 - Marco Bezerra & Aimée Borges\Урок Зука Marco Bezerra  Aimée Borges 2012-09-09 2-1.mp4
00:02:51 | d:\Dance\!VIDEO\!ZOUK\!OTHER EVENTS\2012-09-09 - Marco Bezerra & Aimée Borges\Урок Зука Marco Bezerra  Aimée Borges 2012-09-09 2-2.mp4
00:03:50 | d:\Dance\!VIDEO\!ZOUK\!OTHER EVENTS\2012-09-09 - Marco Bezerra & Aimée Borges\Урок Самба де Гофиера Marco Bezerra  Aimée Borges 2012-09-08 1-4.mp4
00:04:05 | d:\Dance\!VIDEO\!ZOUK\!OTHER EVENTS\2012-09-09 - Marco Bezerra & Aimée Borges\Урок Самба де Гофиера Marco Bezerra  Aimée Borges 2012-09-09 2-3.mp4
00:03:10 | d:\Dance\!VIDEO\!ZOUK\!OTHER EVENTS\2012-09-09 - Marco Bezerra & Aimée Borges\Урок Самба де Гофиера Marco Bezerra  Aimée Borges 2012-09-09 2-4.mp4
00:04:08 | d:\Dance\!VIDEO\!ZOUK\!OTHER EVENTS\2012-12-08 - Zouk. The Chocolate Factory\2012 12 08 - zouk  the chocolate factory - workshops - 1 - Kadu  Larissa.mp4
00:02:17 | d:\Dance\!VIDEO\!ZOUK\!OTHER EVENTS\2012-12-08 - Zouk. The Chocolate Factory\2012 12 08 - zouk  the chocolate factory - workshops - 2 - Leo  Layssa.mp4
00:03:34 | d:\Dance\!VIDEO\!ZOUK\!OTHER EVENTS\2012-12-08 - Zouk. The Chocolate Factory\2012 12 08 - zouk  the chocolate factory - workshops - 3 - Kadu  Larissa.mp4
00:03:28 | d:\Dance\!VIDEO\!ZOUK\!OTHER EVENTS\2012-12-08 - Zouk. The Chocolate Factory\2012 12 08 - zouk  the chocolate factory - workshops - 4 - Carlos.mp4
00:04:13 | d:\Dance\!VIDEO\!ZOUK\!OTHER EVENTS\2012-12-08 - Zouk. The Chocolate Factory\2012 12 08 - zouk  the chocolate factory - workshops - 5 - Freddy  Andressa.mp4
00:02:03 | d:\Dance\!VIDEO\!ZOUK\!OTHER EVENTS\2012-12-08 - Zouk. The Chocolate Factory\2012 12 08 - zouk  the chocolate factory - workshops - 6 - Leo  Layssa.mp4
00:03:37 | d:\Dance\!VIDEO\!ZOUK\!OTHER EVENTS\2012-12-08 - Zouk. The Chocolate Factory\2012 12 08 - zouk  the chocolate factory - workshops - 7 - Luciano  Sofie.mp4
00:01:42 | d:\Dance\!VIDEO\!ZOUK\!OTHER EVENTS\2012-12-08 - Zouk. The Chocolate Factory\2012 12 09 - zouk  the chocolate factory - workshops - 1 - Leo  Layssa.mp4
00:04:47 | d:\Dance\!VIDEO\!ZOUK\!OTHER EVENTS\2012-12-08 - Zouk. The Chocolate Factory\2012 12 09 - zouk  the chocolate factory - workshops - 2 - Freddy  Andressa.mp4
00:00:38 | d:\Dance\!VIDEO\!ZOUK\!OTHER EVENTS\2012-12-08 - Zouk. The Chocolate Factory\2012 12 09 - zouk  the chocolate factory - workshops - 3 - David  Sarah.mp4
00:05:28 | d:\Dance\!VIDEO\!ZOUK\!OTHER EVENTS\2012-12-08 - Zouk. The Chocolate Factory\2012 12 09 - zouk  the chocolate factory - workshops - 4 - Kadu  Larissa.mp4
00:00:45 | d:\Dance\!VIDEO\!ZOUK\!OTHER EVENTS\2012-12-08 - Zouk. The Chocolate Factory\2012 12 09 - zouk  the chocolate factory - workshops - 5 - Leo  Layssa (first part).mp4
00:04:01 | d:\Dance\!VIDEO\!ZOUK\!OTHER EVENTS\2012-12-08 - Zouk. The Chocolate Factory\2012 12 09 - zouk  the chocolate factory - workshops - 7 - Freddy  Andressa.mp4
00:04:01 | d:\Dance\!VIDEO\!ZOUK\!OTHER EVENTS\2012-12-15 - Pasty & Josta\Pasty & Josta @ Moscow  15.12.2012.mp4
00:02:55 | d:\Dance\!VIDEO\!ZOUK\!OTHER EVENTS\2013 Moscow Zouk Congress\Adam (HD).mp4
00:00:34 | d:\Dance\!VIDEO\!ZOUK\!OTHER EVENTS\2013 Moscow Zouk Congress\Adam&Claudia combo (HD).mp4
00:00:34 | d:\Dance\!VIDEO\!ZOUK\!OTHER EVENTS\2013 Moscow Zouk Congress\Ailton (HD).mp4
00:00:48 | d:\Dance\!VIDEO\!ZOUK\!OTHER EVENTS\2013 Moscow Zouk Congress\Allan (HD).mp4
00:02:05 | d:\Dance\!VIDEO\!ZOUK\!OTHER EVENTS\2013 Moscow Zouk Congress\Dragon&Bruna (HD).mp4
00:01:03 | d:\Dance\!VIDEO\!ZOUK\!OTHER EVENTS\2013 Moscow Zouk Congress\Max&Anastasya (HD).mp4
00:01:32 | d:\Dance\!VIDEO\!ZOUK\!OTHER EVENTS\2013 Moscow Zouk Congress\Val&Thayna (HD).mp4
00:03:58 | d:\Dance\!VIDEO\!ZOUK\!OTHER EVENTS\2013-03-15 - Galicia Zouk Congress\2013 03 15 - 8th zouk congress  galicia - workshops - 1 - Juanma  Elena.mp4
00:01:51 | d:\Dance\!VIDEO\!ZOUK\!OTHER EVENTS\2013-03-15 - Galicia Zouk Congress\2013 03 15 - 8th zouk congress  galicia - workshops - 2 - Luciano  Sofie.mp4
00:01:09 | d:\Dance\!VIDEO\!ZOUK\!OTHER EVENTS\2013-03-15 - Galicia Zouk Congress\2013 03 15 - 8th zouk congress  galicia - workshops - 3 - Aitor.mp4
00:03:11 | d:\Dance\!VIDEO\!ZOUK\!OTHER EVENTS\2013-03-15 - Galicia Zouk Congress\2013 03 16 - 8th zouk congress  galicia - workshops - 1 - Carlos  Fernanda.mp4
00:03:21 | d:\Dance\!VIDEO\!ZOUK\!OTHER EVENTS\2013-03-15 - Galicia Zouk Congress\2013 03 16 - 8th zouk congress  galicia - workshops - 2 - Wakko  Masha.mp4
00:03:56 | d:\Dance\!VIDEO\!ZOUK\!OTHER EVENTS\2013-03-15 - Galicia Zouk Congress\2013 03 16 - 8th zouk congress  galicia - workshops - 3 - Luciano  Sofie.mp4
00:04:34 | d:\Dance\!VIDEO\!ZOUK\!OTHER EVENTS\2013-03-15 - Galicia Zouk Congress\2013 03 16 - 8th zouk congress  galicia - workshops - 4 - Wakko  Masha.mp4
00:04:34 | d:\Dance\!VIDEO\!ZOUK\!OTHER EVENTS\2013-03-15 - Galicia Zouk Congress\2013 03 16 - 8th zouk congress  galicia - workshops - 5 - Kadu  Larissa.mp4
00:03:16 | d:\Dance\!VIDEO\!ZOUK\!OTHER EVENTS\2013-03-15 - Galicia Zouk Congress\2013 03 17 - 8th zouk congress  galicia - workshops - 1 - Luciano  Sofie.mp4
00:03:41 | d:\Dance\!VIDEO\!ZOUK\!OTHER EVENTS\2013-03-15 - Galicia Zouk Congress\2013 03 17 - 8th zouk congress  galicia - workshops - 2 - Kadu  Larissa.mp4
00:03:14 | d:\Dance\!VIDEO\!ZOUK\!OTHER EVENTS\2013-03-15 - Galicia Zouk Congress\Carlos and Fernanda - Zouk demo @ Sanxenxo  16.03.2013.mp4
00:01:57 | d:\Dance\!VIDEO\!ZOUK\!OTHER EVENTS\2013-03-15 - Galicia Zouk Congress\Carlos and Fernanda - Zouk demo @ Sanxenxo  17.03.2013.mp4
00:03:34 | d:\Dance\!VIDEO\!ZOUK\!OTHER EVENTS\2013-03-15 - Galicia Zouk Congress\Daniel and Leticia - Zouk demo @ Sanxenxo  16.03.2013.mp4
00:03:44 | d:\Dance\!VIDEO\!ZOUK\!OTHER EVENTS\2013-03-15 - Galicia Zouk Congress\Juanma and Elena - Zouk demo @ Sanxenxo  15.03.2013.mp4
00:04:36 | d:\Dance\!VIDEO\!ZOUK\!OTHER EVENTS\2013-03-15 - Galicia Zouk Congress\Kadu and Larissa - Zouk demo @ Sanxenxo  16.03.2013.mp4
00:03:44 | d:\Dance\!VIDEO\!ZOUK\!OTHER EVENTS\2013-03-15 - Galicia Zouk Congress\Kadu and Larissa - Zouk demo @ Sanxenxo  17.03.2013.mp4
00:03:15 | d:\Dance\!VIDEO\!ZOUK\!OTHER EVENTS\2013-03-15 - Galicia Zouk Congress\Luciano and Sofie - Zouk demo @ Sanxenxo  17.03.2013.mp4
00:04:47 | d:\Dance\!VIDEO\!ZOUK\!OTHER EVENTS\2013-03-15 - Galicia Zouk Congress\Wakko and Masha - Zouk Demo @ Sanxenxo  16.03.2013.mp4
00:04:06 | d:\Dance\!VIDEO\!ZOUK\!OTHER EVENTS\2013-03-15 - Galicia Zouk Congress\William and Ani - Zouk demo @ Sanxenxo  16.03.2013.mp4
00:07:20 | d:\Dance\!VIDEO\!ZOUK\!OTHER EVENTS\2013-05-07 - Xandy & Evelyn\Wakko  Evelyn - Zouk Party 08.05.13 at Brazuka.mp4
00:06:08 | d:\Dance\!VIDEO\!ZOUK\!OTHER EVENTS\2013-05-07 - Xandy & Evelyn\Xandy Liberato  Evelyn Magyari - Zouk Workshop 07.05.13 at Brazuka.mp4
00:03:32 | d:\Dance\!VIDEO\!ZOUK\!OTHER EVENTS\2013-05-07 - Xandy & Evelyn\Xandy Liberato  Evelyn Magyari - Zouk Workshop 08.05.13 at Brazuka.mp4
00:03:44 | d:\Dance\!VIDEO\!ZOUK\!OTHER EVENTS\2013-12-14 - Brazuka 3 years\Kamacho & Masha Zouk Workshop 15.12.13 (HD).mp4
00:10:04 | d:\Dance\!VIDEO\!ZOUK\!OTHER EVENTS\2013-12-14 - Brazuka 3 years\Kamacho & Oksana 1.mp4
00:07:01 | d:\Dance\!VIDEO\!ZOUK\!OTHER EVENTS\2013-12-14 - Brazuka 3 years\Kamacho & Oksana 2.mp4
00:07:00 | d:\Dance\!VIDEO\!ZOUK\!OTHER EVENTS\2013-12-14 - Brazuka 3 years\Kamacho & Oksana 3.mp4
00:03:24 | d:\Dance\!VIDEO\!ZOUK\!OTHER EVENTS\2013-12-14 - Brazuka 3 years\Kamacho Wakko demo.mp4
00:02:38 | d:\Dance\!VIDEO\!ZOUK\!OTHER EVENTS\2013-12-14 - Brazuka 3 years\Wakko & Masha - Samba de Gafieira Basic Steps 2013-12-14.mp4
00:09:11 | d:\Dance\!VIDEO\!ZOUK\!OTHER EVENTS\2013-12-14 - Brazuka 3 years\Wakko, Anna, Kamacho, Maria Zouk Workshop 14.12.13 (HD).mp4
00:08:20 | d:\Dance\!VIDEO\!ZOUK\!OTHER EVENTS\2015 Wakko & Masha в Минске\Demo 1 - Биомеханика тела, реакция на ведение.mp4
00:07:09 | d:\Dance\!VIDEO\!ZOUK\!OTHER EVENTS\2015 Wakko & Masha в Минске\Demo 2 - Взаимодействие и микроведение.mp4
00:04:00 | d:\Dance\!VIDEO\!ZOUK\!OTHER EVENTS\2015 Wakko & Masha в Минске\Demo 3.mp4
00:06:38 | d:\Dance\!VIDEO\!ZOUK\!OTHER EVENTS\2015 Wakko & Masha в Минске\Demo 4 - Техника вращений и их вариации.mp4
00:22:49 | d:\Dance\!VIDEO\!ZOUK\!OTHER EVENTS\2015 Wakko & Masha в Минске\История зука.mp4
00:06:21 | d:\Dance\!VIDEO\!ZOUK\!OTHER EVENTS\Мировые звезды танца Ламбазук провели в Чебоксарах мастер-класс (HD).mp4
