00:01:16 | d:\Dance\!VIDEO\!ZOUK\!INSTRUCTORS COURSE\2013-08-09 Zouk Congress St Piter 2\Adilio Porto & Lucia Kubasova - zouk evolution\00 bonuses.mp4
00:09:30 | d:\Dance\!VIDEO\!ZOUK\!INSTRUCTORS COURSE\2013-08-09 Zouk Congress St Piter 2\Adilio Porto & Lucia Kubasova - zouk evolution\01 first lesson.mp4
00:30:47 | d:\Dance\!VIDEO\!ZOUK\!INSTRUCTORS COURSE\2013-08-09 Zouk Congress St Piter 2\Adilio Porto & Lucia Kubasova - zouk evolution\zouk evolution.mp4
00:03:26 | d:\Dance\!VIDEO\!ZOUK\!INSTRUCTORS COURSE\2013-08-09 Zouk Congress St Piter 2\Gilson Damasco & Natasha Terekhina - safety at zouk classes\00 warming up (part1).mp4
00:04:50 | d:\Dance\!VIDEO\!ZOUK\!INSTRUCTORS COURSE\2013-08-09 Zouk Congress St Piter 2\Gilson Damasco & Natasha Terekhina - safety at zouk classes\01 warming up (part2).mp4
00:03:33 | d:\Dance\!VIDEO\!ZOUK\!INSTRUCTORS COURSE\2013-08-09 Zouk Congress St Piter 2\Gilson Damasco & Natasha Terekhina - safety at zouk classes\02 musicality.mp4
00:03:30 | d:\Dance\!VIDEO\!ZOUK\!INSTRUCTORS COURSE\2013-08-09 Zouk Congress St Piter 2\Gilson Damasco & Natasha Terekhina - safety at zouk classes\03 cambre.mp4
00:13:28 | d:\Dance\!VIDEO\!ZOUK\!INSTRUCTORS COURSE\2013-08-09 Zouk Congress St Piter 2\Gilson Damasco & Natasha Terekhina - safety at zouk classes\04 rotation & safety.mp4
00:00:16 | d:\Dance\!VIDEO\!ZOUK\!INSTRUCTORS COURSE\2013-08-09 Zouk Congress St Piter 2\Jorge Peres & Vanessa Rodrigues - zouk teaching methods\00 add difficulty.mp4
00:00:15 | d:\Dance\!VIDEO\!ZOUK\!INSTRUCTORS COURSE\2013-08-09 Zouk Congress St Piter 2\Jorge Peres & Vanessa Rodrigues - zouk teaching methods\01 add difficulty2.mp4
00:02:24 | d:\Dance\!VIDEO\!ZOUK\!INSTRUCTORS COURSE\2013-08-09 Zouk Congress St Piter 2\Jorge Peres & Vanessa Rodrigues - zouk teaching methods\02 teaching improvisation.mp4
00:10:09 | d:\Dance\!VIDEO\!ZOUK\!INSTRUCTORS COURSE\2013-08-09 Zouk Congress St Piter 2\Jorge Peres & Vanessa Rodrigues - zouk teaching methods\03 teaching leading & following.mp4
00:01:24 | d:\Dance\!VIDEO\!ZOUK\!INSTRUCTORS COURSE\2013-08-09 Zouk Congress St Piter 2\Jorge Peres & Vanessa Rodrigues - zouk teaching methods\04 teaching rau.mp4
00:09:59 | d:\Dance\!VIDEO\!ZOUK\!INSTRUCTORS COURSE\2013-08-09 Zouk Congress St Piter 2\William Teixeira & Paloma Alves - modern tendencies in brazilian zouk\00 soul, flow & neo.mp4
00:03:56 | d:\Dance\!VIDEO\!ZOUK\!INSTRUCTORS COURSE\2013-08-09 Zouk Congress St Piter 2\William Teixeira & Paloma Alves - modern tendencies in brazilian zouk\01 dubstep dance.mp4
00:00:54 | d:\Dance\!VIDEO\!ZOUK\!INSTRUCTORS COURSE\2013-08-09 Zouk Congress St Piter 2\William Teixeira & Paloma Alves - modern tendencies in brazilian zouk\02 demo1.mp4
00:00:24 | d:\Dance\!VIDEO\!ZOUK\!INSTRUCTORS COURSE\2013-08-09 Zouk Congress St Piter 2\William Teixeira & Paloma Alves - modern tendencies in brazilian zouk\03 demo2.mp4
00:01:19 | d:\Dance\!VIDEO\!ZOUK\!INSTRUCTORS COURSE\2013-08-09 Zouk Congress St Piter 2\William Teixeira & Paloma Alves - modern tendencies in brazilian zouk\04 demo3.mp4
00:02:39 | d:\Dance\!VIDEO\!ZOUK\!INSTRUCTORS COURSE\2013-08-09 Zouk Congress St Piter 2\William Teixeira & Paloma Alves - modern tendencies in brazilian zouk\05 demo4.mp4
00:02:17 | d:\Dance\!VIDEO\!ZOUK\!INSTRUCTORS COURSE\2013-08-09 Zouk Congress St Piter 2\William Teixeira & Paloma Alves - modern tendencies in brazilian zouk\06 demo5.mp4
00:01:27 | d:\Dance\!VIDEO\!ZOUK\!INSTRUCTORS COURSE\2013-08-09 Zouk Congress St Piter 2\William Teixeira & Paloma Alves - modern tendencies in brazilian zouk\07 demo with dasha.mp4
00:04:11 | d:\Dance\!VIDEO\!ZOUK\!INSTRUCTORS COURSE\2014-08-08 Zouk Congress St Piter 3\Adilio Porto & Oksana Kononova - first lesson\01 warming up.mp4
00:07:53 | d:\Dance\!VIDEO\!ZOUK\!INSTRUCTORS COURSE\2014-08-08 Zouk Congress St Piter 3\Adilio Porto & Oksana Kononova - first lesson\02 basic step.mp4
00:04:53 | d:\Dance\!VIDEO\!ZOUK\!INSTRUCTORS COURSE\2014-08-08 Zouk Congress St Piter 3\Adilio Porto & Oksana Kononova - first lesson\03 lateral.mp4
00:01:39 | d:\Dance\!VIDEO\!ZOUK\!INSTRUCTORS COURSE\2014-08-08 Zouk Congress St Piter 3\Adilio Porto & Oksana Kononova - first lesson\04 lateral close.mp4
00:03:52 | d:\Dance\!VIDEO\!ZOUK\!INSTRUCTORS COURSE\2014-08-08 Zouk Congress St Piter 3\Adilio Porto & Oksana Kononova - first lesson\05.mp4
00:04:01 | d:\Dance\!VIDEO\!ZOUK\!INSTRUCTORS COURSE\2014-08-08 Zouk Congress St Piter 3\Adilio Porto & Oksana Kononova - first lesson\06 turn.mp4
00:03:17 | d:\Dance\!VIDEO\!ZOUK\!INSTRUCTORS COURSE\2014-08-08 Zouk Congress St Piter 3\Adilio Porto & Oksana Kononova - first lesson\07 turn.mp4
00:01:39 | d:\Dance\!VIDEO\!ZOUK\!INSTRUCTORS COURSE\2014-08-08 Zouk Congress St Piter 3\Adilio Porto & Oksana Kononova - first lesson\08.mp4
00:01:43 | d:\Dance\!VIDEO\!ZOUK\!INSTRUCTORS COURSE\2014-08-08 Zouk Congress St Piter 3\Adilio Porto & Oksana Kononova - first lesson\09 with music.mp4
00:00:33 | d:\Dance\!VIDEO\!ZOUK\!INSTRUCTORS COURSE\2014-08-08 Zouk Congress St Piter 3\Adilio Porto & Oksana Kononova - first lesson\10.mp4
00:11:14 | d:\Dance\!VIDEO\!ZOUK\!INSTRUCTORS COURSE\2014-08-08 Zouk Congress St Piter 3\Adilio Porto & Oksana Kononova - first lesson\11 explanation.mp4
00:01:31 | d:\Dance\!VIDEO\!ZOUK\!INSTRUCTORS COURSE\2014-08-08 Zouk Congress St Piter 3\Adilio Porto & Oksana Kononova - first lesson\12.mp4
00:03:44 | d:\Dance\!VIDEO\!ZOUK\!INSTRUCTORS COURSE\2014-08-08 Zouk Congress St Piter 3\Alex de Carvalho & Mathilde - musicality\01 warming up.mp4
00:04:23 | d:\Dance\!VIDEO\!ZOUK\!INSTRUCTORS COURSE\2014-08-08 Zouk Congress St Piter 3\Alex de Carvalho & Mathilde - musicality\02 styles.mp4
00:00:32 | d:\Dance\!VIDEO\!ZOUK\!INSTRUCTORS COURSE\2014-08-08 Zouk Congress St Piter 3\Alex de Carvalho & Mathilde - musicality\03.mp4
00:00:48 | d:\Dance\!VIDEO\!ZOUK\!INSTRUCTORS COURSE\2014-08-08 Zouk Congress St Piter 3\Alex de Carvalho & Mathilde - musicality\04.mp4
00:03:42 | d:\Dance\!VIDEO\!ZOUK\!INSTRUCTORS COURSE\2014-08-08 Zouk Congress St Piter 3\Alex de Carvalho & Mathilde - musicality\05 4 of 8.mp4
00:06:11 | d:\Dance\!VIDEO\!ZOUK\!INSTRUCTORS COURSE\2014-08-08 Zouk Congress St Piter 3\Alex de Carvalho & Mathilde - musicality\06 variation.mp4
00:02:17 | d:\Dance\!VIDEO\!ZOUK\!INSTRUCTORS COURSE\2014-08-08 Zouk Congress St Piter 3\Alex de Carvalho & Mathilde - musicality\07 variation.mp4
00:00:17 | d:\Dance\!VIDEO\!ZOUK\!INSTRUCTORS COURSE\2014-08-08 Zouk Congress St Piter 3\Alex de Carvalho & Mathilde - musicality\08 with music.mp4
00:01:53 | d:\Dance\!VIDEO\!ZOUK\!INSTRUCTORS COURSE\2014-08-08 Zouk Congress St Piter 3\Alex de Carvalho & Mathilde - musicality\09.mp4
00:02:39 | d:\Dance\!VIDEO\!ZOUK\!INSTRUCTORS COURSE\2014-08-08 Zouk Congress St Piter 3\Alex de Carvalho & Mathilde - musicality\10.mp4
00:12:33 | d:\Dance\!VIDEO\!ZOUK\!INSTRUCTORS COURSE\2014-08-08 Zouk Congress St Piter 3\Mafie Zouker - neo zouk\01.mp4
00:03:42 | d:\Dance\!VIDEO\!ZOUK\!INSTRUCTORS COURSE\2014-08-08 Zouk Congress St Piter 3\Mafie Zouker - neo zouk\02.mp4
00:03:09 | d:\Dance\!VIDEO\!ZOUK\!INSTRUCTORS COURSE\2014-08-08 Zouk Congress St Piter 3\Mafie Zouker - neo zouk\03.mp4
00:01:36 | d:\Dance\!VIDEO\!ZOUK\!INSTRUCTORS COURSE\2014-08-08 Zouk Congress St Piter 3\Mafie Zouker - neo zouk\04.mp4
00:01:05 | d:\Dance\!VIDEO\!ZOUK\!INSTRUCTORS COURSE\2014-08-08 Zouk Congress St Piter 3\Mafie Zouker - neo zouk\05.mp4
00:02:14 | d:\Dance\!VIDEO\!ZOUK\!INSTRUCTORS COURSE\2014-08-08 Zouk Congress St Piter 3\Mafie Zouker - neo zouk\06.mp4
00:02:07 | d:\Dance\!VIDEO\!ZOUK\!INSTRUCTORS COURSE\2014-08-08 Zouk Congress St Piter 3\Mafie Zouker - neo zouk\07.mp4
00:04:29 | d:\Dance\!VIDEO\!ZOUK\!INSTRUCTORS COURSE\2014-08-08 Zouk Congress St Piter 3\Mafie Zouker - neo zouk\08.mp4
00:04:15 | d:\Dance\!VIDEO\!ZOUK\!INSTRUCTORS COURSE\2014-08-08 Zouk Congress St Piter 3\Mafie Zouker - neo zouk\09.mp4
00:01:27 | d:\Dance\!VIDEO\!ZOUK\!INSTRUCTORS COURSE\2014-08-08 Zouk Congress St Piter 3\Mafie Zouker - neo zouk\10.mp4
00:01:34 | d:\Dance\!VIDEO\!ZOUK\!INSTRUCTORS COURSE\2014-08-08 Zouk Congress St Piter 3\Mafie Zouker - neo zouk\11.mp4
00:01:57 | d:\Dance\!VIDEO\!ZOUK\!INSTRUCTORS COURSE\2014-08-08 Zouk Congress St Piter 3\Mafie Zouker - neo zouk\12.mp4
00:02:31 | d:\Dance\!VIDEO\!ZOUK\!INSTRUCTORS COURSE\2014-08-08 Zouk Congress St Piter 3\Mafie Zouker - neo zouk\13.mp4
00:01:38 | d:\Dance\!VIDEO\!ZOUK\!INSTRUCTORS COURSE\2014-08-08 Zouk Congress St Piter 3\Mafie Zouker - neo zouk\14.mp4
00:03:19 | d:\Dance\!VIDEO\!ZOUK\!INSTRUCTORS COURSE\2014-08-08 Zouk Congress St Piter 3\Mafie Zouker - neo zouk\15 explanation.mp4
00:02:26 | d:\Dance\!VIDEO\!ZOUK\!INSTRUCTORS COURSE\2014-08-08 Zouk Congress St Piter 3\Renata Pesanha & Jorge Peres - contact\01 warming up.mp4
00:04:14 | d:\Dance\!VIDEO\!ZOUK\!INSTRUCTORS COURSE\2014-08-08 Zouk Congress St Piter 3\Renata Pesanha & Jorge Peres - contact\02 feeling.mp4
00:01:42 | d:\Dance\!VIDEO\!ZOUK\!INSTRUCTORS COURSE\2014-08-08 Zouk Congress St Piter 3\Renata Pesanha & Jorge Peres - contact\03.mp4
00:02:26 | d:\Dance\!VIDEO\!ZOUK\!INSTRUCTORS COURSE\2014-08-08 Zouk Congress St Piter 3\Renata Pesanha & Jorge Peres - contact\04 connection training.mp4
00:01:56 | d:\Dance\!VIDEO\!ZOUK\!INSTRUCTORS COURSE\2014-08-08 Zouk Congress St Piter 3\Renata Pesanha & Jorge Peres - contact\05 lateral.mp4
00:01:09 | d:\Dance\!VIDEO\!ZOUK\!INSTRUCTORS COURSE\2014-08-08 Zouk Congress St Piter 3\Renata Pesanha & Jorge Peres - contact\06.mp4
00:05:48 | d:\Dance\!VIDEO\!ZOUK\!INSTRUCTORS COURSE\2014-08-08 Zouk Congress St Piter 3\Renata Pesanha & Jorge Peres - contact\07 alco contrabalance.mp4
00:04:25 | d:\Dance\!VIDEO\!ZOUK\!INSTRUCTORS COURSE\2014-08-08 Zouk Congress St Piter 3\Renata Pesanha & Jorge Peres - contact\08.mp4
00:05:24 | d:\Dance\!VIDEO\!ZOUK\!INSTRUCTORS COURSE\2014-08-08 Zouk Congress St Piter 3\Renata Pesanha & Jorge Peres - contact\09.mp4
00:02:25 | d:\Dance\!VIDEO\!ZOUK\!INSTRUCTORS COURSE\2014-08-08 Zouk Congress St Piter 3\Renata Pesanha & Jorge Peres - contact\10.mp4
00:07:25 | d:\Dance\!VIDEO\!ZOUK\!INSTRUCTORS COURSE\2014-08-08 Zouk Congress St Piter 3\Renata Pesanha & Jorge Peres - contact\11.mp4
00:01:09 | d:\Dance\!VIDEO\!ZOUK\!INSTRUCTORS COURSE\2014-08-08 Zouk Congress St Piter 3\Renata Pesanha & Jorge Peres - contact\12.mp4
00:03:24 | d:\Dance\!VIDEO\!ZOUK\!INSTRUCTORS COURSE\2014-08-08 Zouk Congress St Piter 3\Renata Pesanha & Jorge Peres - contact\13.mp4
00:00:26 | d:\Dance\!VIDEO\!ZOUK\!INSTRUCTORS COURSE\2014-08-08 Zouk Congress St Piter 3\Renata Pesanha & Jorge Peres - contact\14.mp4
00:05:13 | d:\Dance\!VIDEO\!ZOUK\!INSTRUCTORS COURSE\2014-08-08 Zouk Congress St Piter 3\Renata Pesanha & Jorge Peres - contact\15.mp4
00:02:17 | d:\Dance\!VIDEO\!ZOUK\!INSTRUCTORS COURSE\2014-08-08 Zouk Congress St Piter 3\Renata Pesanha & Jorge Peres - contact\16.mp4
00:01:32 | d:\Dance\!VIDEO\!ZOUK\!INSTRUCTORS COURSE\2014-08-08 Zouk Congress St Piter 3\Renata Pesanha & Jorge Peres - contact\17.mp4
00:02:48 | d:\Dance\!VIDEO\!ZOUK\!INSTRUCTORS COURSE\2014-08-08 Zouk Congress St Piter 3\Renata Pesanha & Jorge Peres - contact\18 hand contact leading.mp4
00:00:48 | d:\Dance\!VIDEO\!ZOUK\!INSTRUCTORS COURSE\2015-11-05 Brazuka Dance Festival\MAH01813.mp4
00:09:26 | d:\Dance\!VIDEO\!ZOUK\!INSTRUCTORS COURSE\2015-11-05 Brazuka Dance Festival\MAH01814.mp4
00:03:32 | d:\Dance\!VIDEO\!ZOUK\!INSTRUCTORS COURSE\2015-11-05 Brazuka Dance Festival\MAH01815.mp4
00:04:37 | d:\Dance\!VIDEO\!ZOUK\!INSTRUCTORS COURSE\2015-11-05 Brazuka Dance Festival\MAH01816.mp4
00:25:32 | d:\Dance\!VIDEO\!ZOUK\!INSTRUCTORS COURSE\2015-11-05 Brazuka Dance Festival\MAH01817.mp4
00:00:42 | d:\Dance\!VIDEO\!ZOUK\!INSTRUCTORS COURSE\2015-11-05 Brazuka Dance Festival\MAH01818.mp4
00:04:58 | d:\Dance\!VIDEO\!ZOUK\!INSTRUCTORS COURSE\2015-11-05 Brazuka Dance Festival\MAH01819.mp4
00:09:51 | d:\Dance\!VIDEO\!ZOUK\!INSTRUCTORS COURSE\2015-11-05 Brazuka Dance Festival\MAH01820.mp4
00:15:11 | d:\Dance\!VIDEO\!ZOUK\!INSTRUCTORS COURSE\2015-11-05 Brazuka Dance Festival\MAH01821.mp4
00:22:13 | d:\Dance\!VIDEO\!ZOUK\!INSTRUCTORS COURSE\2015-11-05 Brazuka Dance Festival\MAH01822.mp4
00:09:24 | d:\Dance\!VIDEO\!ZOUK\!INSTRUCTORS COURSE\2015-11-05 Brazuka Dance Festival\MAH01823.mp4
00:03:15 | d:\Dance\!VIDEO\!ZOUK\!INSTRUCTORS COURSE\2015-11-05 Brazuka Dance Festival\MAH01824.mp4
00:14:44 | d:\Dance\!VIDEO\!ZOUK\!INSTRUCTORS COURSE\2015-11-05 Brazuka Dance Festival\MAH01825.mp4
00:13:20 | d:\Dance\!VIDEO\!ZOUK\!INSTRUCTORS COURSE\2015-11-05 Brazuka Dance Festival\MAH01826.mp4
00:04:27 | d:\Dance\!VIDEO\!ZOUK\!INSTRUCTORS COURSE\2015-11-05 Brazuka Dance Festival\MAH01827.mp4
00:16:22 | d:\Dance\!VIDEO\!ZOUK\!INSTRUCTORS COURSE\2015-11-05 Brazuka Dance Festival\MAH01828.mp4
00:02:44 | d:\Dance\!VIDEO\!ZOUK\!INSTRUCTORS COURSE\2015-11-05 Brazuka Dance Festival\MAH01829.mp4
00:10:14 | d:\Dance\!VIDEO\!ZOUK\!INSTRUCTORS COURSE\2015-11-05 Brazuka Dance Festival\MAH01830.mp4
00:03:20 | d:\Dance\!VIDEO\!ZOUK\!INSTRUCTORS COURSE\2015-11-05 Brazuka Dance Festival\MAH01831.mp4
00:00:55 | d:\Dance\!VIDEO\!ZOUK\!INSTRUCTORS COURSE\2015-11-05 Brazuka Dance Festival\MAH01832.mp4
00:15:57 | d:\Dance\!VIDEO\!ZOUK\!INSTRUCTORS COURSE\2015-11-05 Brazuka Dance Festival\MAH01833.mp4
00:06:48 | d:\Dance\!VIDEO\!ZOUK\!INSTRUCTORS COURSE\2015-11-05 Brazuka Dance Festival\MAH01834.mp4
00:01:06 | d:\Dance\!VIDEO\!ZOUK\!INSTRUCTORS COURSE\2015-11-05 Brazuka Dance Festival\MAH01835.mp4
00:14:48 | d:\Dance\!VIDEO\!ZOUK\!INSTRUCTORS COURSE\2015-11-05 Brazuka Dance Festival\MAH01836.mp4
00:12:11 | d:\Dance\!VIDEO\!ZOUK\!INSTRUCTORS COURSE\2015-11-05 Brazuka Dance Festival\MAH01837.mp4
00:06:47 | d:\Dance\!VIDEO\!ZOUK\!INSTRUCTORS COURSE\2015-11-05 Brazuka Dance Festival\MAH01838.mp4
00:03:10 | d:\Dance\!VIDEO\!ZOUK\!INSTRUCTORS COURSE\2015-11-05 Brazuka Dance Festival\MAH01839.mp4
00:31:11 | d:\Dance\!VIDEO\!ZOUK\!INSTRUCTORS COURSE\2016-11-05 Brazuka Dance Festival\WP_20161103_12_09_59_Pro.mp4
00:02:13 | d:\Dance\!VIDEO\!ZOUK\!INSTRUCTORS COURSE\2016-11-05 Brazuka Dance Festival\WP_20161103_13_25_45_Pro.mp4
00:06:53 | d:\Dance\!VIDEO\!ZOUK\!INSTRUCTORS COURSE\2016-11-05 Brazuka Dance Festival\WP_20161103_14_11_41_Pro.mp4
02:09:00 | d:\Dance\!VIDEO\!ZOUK\!INSTRUCTORS COURSE\2016-11-05 Brazuka Dance Festival\WP_20161103_15_06_15_Pro.mp4
00:18:50 | d:\Dance\!VIDEO\!ZOUK\!INSTRUCTORS COURSE\2016-11-05 Brazuka Dance Festival\WP_20161103_17_17_13_Pro.mp4
00:02:09 | d:\Dance\!VIDEO\!ZOUK\!INSTRUCTORS COURSE\2016-11-05 Brazuka Dance Festival\WP_20161103_17_36_20_Pro.mp4
00:01:00 | d:\Dance\!VIDEO\!ZOUK\!INSTRUCTORS COURSE\2016-11-05 Brazuka Dance Festival\WP_20161103_17_38_41_Pro.mp4
00:14:35 | d:\Dance\!VIDEO\!ZOUK\!INSTRUCTORS COURSE\2016-11-05 Brazuka Dance Festival\WP_20161103_17_39_45_Pro.mp4
00:05:42 | d:\Dance\!VIDEO\!ZOUK\!INSTRUCTORS COURSE\2017-02-24 Spring Zouk Fest\MAH03551.mp4
00:01:00 | d:\Dance\!VIDEO\!ZOUK\!INSTRUCTORS COURSE\2017-02-24 Spring Zouk Fest\MAH03552.mp4
00:03:17 | d:\Dance\!VIDEO\!ZOUK\!INSTRUCTORS COURSE\2017-02-24 Spring Zouk Fest\MAH03553.mp4
00:06:19 | d:\Dance\!VIDEO\!ZOUK\!INSTRUCTORS COURSE\2017-02-24 Spring Zouk Fest\MAH03554.mp4
00:00:42 | d:\Dance\!VIDEO\!ZOUK\!INSTRUCTORS COURSE\2017-02-24 Spring Zouk Fest\MAH03555.mp4
00:00:15 | d:\Dance\!VIDEO\!ZOUK\!INSTRUCTORS COURSE\2017-02-24 Spring Zouk Fest\MAH03556.mp4
00:01:31 | d:\Dance\!VIDEO\!ZOUK\!INSTRUCTORS COURSE\2017-02-24 Spring Zouk Fest\MAH03557.mp4
00:03:34 | d:\Dance\!VIDEO\!ZOUK\!INSTRUCTORS COURSE\2017-02-24 Spring Zouk Fest\MAH03558.mp4
00:03:29 | d:\Dance\!VIDEO\!ZOUK\!INSTRUCTORS COURSE\2017-02-24 Spring Zouk Fest\MAH03559.mp4
00:07:34 | d:\Dance\!VIDEO\!ZOUK\!INSTRUCTORS COURSE\2017-02-24 Spring Zouk Fest\MAH03560.mp4
00:00:38 | d:\Dance\!VIDEO\!ZOUK\!INSTRUCTORS COURSE\2017-02-24 Spring Zouk Fest\MAH03561.mp4
00:01:13 | d:\Dance\!VIDEO\!ZOUK\!INSTRUCTORS COURSE\2017-02-24 Spring Zouk Fest\MAH03562.mp4
00:01:02 | d:\Dance\!VIDEO\!ZOUK\!INSTRUCTORS COURSE\2017-02-24 Spring Zouk Fest\MAH03563.mp4
00:01:45 | d:\Dance\!VIDEO\!ZOUK\!INSTRUCTORS COURSE\2017-02-24 Spring Zouk Fest\MAH03564.mp4
00:02:10 | d:\Dance\!VIDEO\!ZOUK\!INSTRUCTORS COURSE\2017-02-24 Spring Zouk Fest\MAH03565.mp4
00:06:34 | d:\Dance\!VIDEO\!ZOUK\!INSTRUCTORS COURSE\2017-02-24 Spring Zouk Fest\MAH03566.mp4
00:04:11 | d:\Dance\!VIDEO\!ZOUK\!INSTRUCTORS COURSE\2017-02-24 Spring Zouk Fest\MAH03567.mp4
00:08:43 | d:\Dance\!VIDEO\!ZOUK\!INSTRUCTORS COURSE\2017-02-24 Spring Zouk Fest\MAH03569.mp4
00:01:19 | d:\Dance\!VIDEO\!ZOUK\!INSTRUCTORS COURSE\2017-03-17 William & Paloma\MAH03809.mp4
00:02:36 | d:\Dance\!VIDEO\!ZOUK\!INSTRUCTORS COURSE\2017-03-17 William & Paloma\MAH03810.mp4
00:01:30 | d:\Dance\!VIDEO\!ZOUK\!INSTRUCTORS COURSE\2017-03-17 William & Paloma\MAH03811.mp4
00:01:55 | d:\Dance\!VIDEO\!ZOUK\!INSTRUCTORS COURSE\2017-03-17 William & Paloma\MAH03812.mp4
00:02:21 | d:\Dance\!VIDEO\!ZOUK\!INSTRUCTORS COURSE\2017-03-17 William & Paloma\MAH03813.mp4
00:04:26 | d:\Dance\!VIDEO\!ZOUK\!INSTRUCTORS COURSE\2017-03-17 William & Paloma\MAH03814.mp4
00:00:48 | d:\Dance\!VIDEO\!ZOUK\!INSTRUCTORS COURSE\2017-03-17 William & Paloma\MAH03815.mp4
00:02:24 | d:\Dance\!VIDEO\!ZOUK\!INSTRUCTORS COURSE\2017-03-17 William & Paloma\MAH03816.mp4
00:00:52 | d:\Dance\!VIDEO\!ZOUK\!INSTRUCTORS COURSE\2017-03-17 William & Paloma\MAH03817.mp4
00:03:10 | d:\Dance\!VIDEO\!ZOUK\!INSTRUCTORS COURSE\2017-03-17 William & Paloma\MAH03818.mp4
00:03:19 | d:\Dance\!VIDEO\!ZOUK\!INSTRUCTORS COURSE\2017-03-17 William & Paloma\MAH03819.mp4
00:05:44 | d:\Dance\!VIDEO\!ZOUK\!INSTRUCTORS COURSE\2017-03-17 William & Paloma\MAH03820.mp4
00:04:46 | d:\Dance\!VIDEO\!ZOUK\!INSTRUCTORS COURSE\2017-03-17 William & Paloma\MAH03821.mp4
00:04:28 | d:\Dance\!VIDEO\!ZOUK\!INSTRUCTORS COURSE\2017-03-17 William & Paloma\MAH03822.mp4
00:02:50 | d:\Dance\!VIDEO\!ZOUK\!INSTRUCTORS COURSE\2017-03-17 William & Paloma\MAH03823.mp4
00:01:04 | d:\Dance\!VIDEO\!ZOUK\!INSTRUCTORS COURSE\2017-03-17 William & Paloma\MAH03824.mp4
00:03:36 | d:\Dance\!VIDEO\!ZOUK\!INSTRUCTORS COURSE\2017-03-17 William & Paloma\MAH03825.mp4
00:00:37 | d:\Dance\!VIDEO\!ZOUK\!INSTRUCTORS COURSE\2017-03-17 William & Paloma\MAH03826.mp4
00:06:37 | d:\Dance\!VIDEO\!ZOUK\!INSTRUCTORS COURSE\2017-03-17 William & Paloma\MAH03827.mp4
00:07:31 | d:\Dance\!VIDEO\!ZOUK\!INSTRUCTORS COURSE\2017-03-17 William & Paloma\MAH03828.mp4
00:00:24 | d:\Dance\!VIDEO\!ZOUK\!INSTRUCTORS COURSE\2017-03-17 William & Paloma\MAH03829.mp4
00:06:24 | d:\Dance\!VIDEO\!ZOUK\!INSTRUCTORS COURSE\2017-03-17 William & Paloma\MAH03830.mp4
00:00:54 | d:\Dance\!VIDEO\!ZOUK\!INSTRUCTORS COURSE\2017-03-17 William & Paloma\MAH03831.mp4
00:02:40 | d:\Dance\!VIDEO\!ZOUK\!INSTRUCTORS COURSE\2017-03-17 William & Paloma\MAH03832.mp4
00:02:38 | d:\Dance\!VIDEO\!ZOUK\!INSTRUCTORS COURSE\2017-03-17 William & Paloma\MAH03833.mp4
00:06:22 | d:\Dance\!VIDEO\!ZOUK\!INSTRUCTORS COURSE\2017-03-17 William & Paloma\MAH03837.mp4
00:00:31 | d:\Dance\!VIDEO\!ZOUK\!INSTRUCTORS COURSE\2017-03-17 William & Paloma\MAH03838.mp4
00:00:42 | d:\Dance\!VIDEO\!ZOUK\!INSTRUCTORS COURSE\2017-03-17 William & Paloma\MAH03839.mp4
00:05:26 | d:\Dance\!VIDEO\!ZOUK\!INSTRUCTORS COURSE\2017-03-17 William & Paloma\MAH03840.mp4
00:03:09 | d:\Dance\!VIDEO\!ZOUK\!INSTRUCTORS COURSE\2017-03-17 William & Paloma\MAH03841.mp4
00:10:31 | d:\Dance\!VIDEO\!ZOUK\!INSTRUCTORS COURSE\2017-03-17 William & Paloma\MAH03842.mp4
00:07:30 | d:\Dance\!VIDEO\!ZOUK\!INSTRUCTORS COURSE\2017-03-17 William & Paloma\MAH03843.mp4
00:09:12 | d:\Dance\!VIDEO\!ZOUK\!INSTRUCTORS COURSE\2017-03-17 William & Paloma\MAH03844.mp4
00:08:22 | d:\Dance\!VIDEO\!ZOUK\!INSTRUCTORS COURSE\2017-03-17 William & Paloma\MAH03845.mp4
00:00:31 | d:\Dance\!VIDEO\!ZOUK\!INSTRUCTORS COURSE\2017-03-17 William & Paloma\MAH03846.mp4
00:08:34 | d:\Dance\!VIDEO\!ZOUK\!INSTRUCTORS COURSE\2017-03-17 William & Paloma\MAH03847.mp4
00:03:15 | d:\Dance\!VIDEO\!ZOUK\!INSTRUCTORS COURSE\2017-03-17 William & Paloma\MAH03848.mp4
00:02:52 | d:\Dance\!VIDEO\!ZOUK\!INSTRUCTORS COURSE\2017-03-17 William & Paloma\MAH03849.mp4
00:01:39 | d:\Dance\!VIDEO\!ZOUK\!INSTRUCTORS COURSE\2017-03-17 William & Paloma\MAH03850.mp4
00:02:39 | d:\Dance\!VIDEO\!ZOUK\!INSTRUCTORS COURSE\2017-03-17 William & Paloma\MAH03851.mp4
00:01:49 | d:\Dance\!VIDEO\!ZOUK\!INSTRUCTORS COURSE\2017-03-17 William & Paloma\MAH03852.mp4
00:06:07 | d:\Dance\!VIDEO\!ZOUK\!INSTRUCTORS COURSE\2017-03-17 William & Paloma\MAH03853.mp4
00:09:29 | d:\Dance\!VIDEO\!ZOUK\!INSTRUCTORS COURSE\2017-03-17 William & Paloma\MAH03854.mp4
00:03:09 | d:\Dance\!VIDEO\!ZOUK\!INSTRUCTORS COURSE\2017-03-17 William & Paloma\MAH03855.mp4
00:00:47 | d:\Dance\!VIDEO\!ZOUK\!INSTRUCTORS COURSE\2017-03-17 William & Paloma\MAH03856.mp4
00:05:43 | d:\Dance\!VIDEO\!ZOUK\!INSTRUCTORS COURSE\2017-03-17 William & Paloma\MAH03857.mp4
00:01:26 | d:\Dance\!VIDEO\!ZOUK\!INSTRUCTORS COURSE\2017-03-17 William & Paloma\MAH03858.mp4
00:08:23 | d:\Dance\!VIDEO\!ZOUK\!INSTRUCTORS COURSE\2017-03-17 William & Paloma\MAH03859.mp4
00:01:08 | d:\Dance\!VIDEO\!ZOUK\!INSTRUCTORS COURSE\2017-03-17 William & Paloma\MAH03860.mp4
00:00:59 | d:\Dance\!VIDEO\!ZOUK\!INSTRUCTORS COURSE\2017-03-17 William & Paloma\MAH03861.mp4
00:04:24 | d:\Dance\!VIDEO\!ZOUK\!INSTRUCTORS COURSE\2017-03-17 William & Paloma\MAH03862.mp4
00:03:50 | d:\Dance\!VIDEO\!ZOUK\!INSTRUCTORS COURSE\2017-03-17 William & Paloma\MAH03863.mp4
00:02:55 | d:\Dance\!VIDEO\!ZOUK\!INSTRUCTORS COURSE\2017-03-17 William & Paloma\MAH03864.mp4
00:10:15 | d:\Dance\!VIDEO\!ZOUK\!INSTRUCTORS COURSE\2017-03-17 William & Paloma\MAH03865.mp4
00:02:43 | d:\Dance\!VIDEO\!ZOUK\!INSTRUCTORS COURSE\2017-03-17 William & Paloma\MAH03866.mp4
00:00:30 | d:\Dance\!VIDEO\!ZOUK\!INSTRUCTORS COURSE\2017-03-17 William & Paloma\MAH03867.mp4
00:02:45 | d:\Dance\!VIDEO\!ZOUK\!INSTRUCTORS COURSE\2017-03-17 William & Paloma\questions\MAH03834.mp4
00:01:16 | d:\Dance\!VIDEO\!ZOUK\!INSTRUCTORS COURSE\2017-03-17 William & Paloma\questions\MAH03835.mp4
00:00:27 | d:\Dance\!VIDEO\!ZOUK\!INSTRUCTORS COURSE\2017-03-17 William & Paloma\questions\MAH03836.mp4
00:01:20 | d:\Dance\!VIDEO\!ZOUK\!INSTRUCTORS COURSE\2017-03-17 William & Paloma\questions\MAH03868.mp4
00:01:07 | d:\Dance\!VIDEO\!ZOUK\!INSTRUCTORS COURSE\2017-03-17 William & Paloma\questions\MAH03869.mp4
00:01:42 | d:\Dance\!VIDEO\!ZOUK\!INSTRUCTORS COURSE\2017-03-17 William & Paloma\questions\MAH03870.mp4
00:01:54 | d:\Dance\!VIDEO\!ZOUK\!INSTRUCTORS COURSE\2017-03-17 William & Paloma\questions\MAH03871.mp4
00:01:24 | d:\Dance\!VIDEO\!ZOUK\!INSTRUCTORS COURSE\2017-03-17 William & Paloma\questions\MAH03872.mp4
00:32:27 | d:\Dance\!VIDEO\!ZOUK\!INSTRUCTORS COURSE\2017-06-23 Moscow Zouk Congress\VID_20170623_154948.mp4
00:32:27 | d:\Dance\!VIDEO\!ZOUK\!INSTRUCTORS COURSE\2017-06-23 Moscow Zouk Congress\VID_20170623_162326.mp4
00:32:27 | d:\Dance\!VIDEO\!ZOUK\!INSTRUCTORS COURSE\2017-06-23 Moscow Zouk Congress\VID_20170623_165703.mp4
00:32:27 | d:\Dance\!VIDEO\!ZOUK\!INSTRUCTORS COURSE\2017-06-23 Moscow Zouk Congress\VID_20170623_173009.mp4
00:03:43 | d:\Dance\!VIDEO\!ZOUK\!INSTRUCTORS COURSE\2017-06-23 Moscow Zouk Congress\VID_20170623_173410.mp4
00:32:07 | d:\Dance\!VIDEO\!ZOUK\!INSTRUCTORS COURSE\2017-06-23 Moscow Zouk Congress\VID_20170623_180702.mp4
00:08:55 | d:\Dance\!VIDEO\!ZOUK\!INSTRUCTORS COURSE\2017-06-23 Moscow Zouk Congress\VID_20170623_181601.mp4
00:02:40 | d:\Dance\!VIDEO\!ZOUK\!INSTRUCTORS COURSE\2017-11-02 Brazuka Dance Festival\MAH04789.mp4
00:00:44 | d:\Dance\!VIDEO\!ZOUK\!INSTRUCTORS COURSE\2017-11-02 Brazuka Dance Festival\MAH04790.mp4
00:00:51 | d:\Dance\!VIDEO\!ZOUK\!INSTRUCTORS COURSE\2017-11-02 Brazuka Dance Festival\MAH04791.mp4
00:00:45 | d:\Dance\!VIDEO\!ZOUK\!INSTRUCTORS COURSE\2017-11-02 Brazuka Dance Festival\MAH04792.mp4
00:03:45 | d:\Dance\!VIDEO\!ZOUK\!INSTRUCTORS COURSE\2017-11-02 Brazuka Dance Festival\MAH04793.mp4
00:11:28 | d:\Dance\!VIDEO\!ZOUK\!INSTRUCTORS COURSE\2017-11-02 Brazuka Dance Festival\MAH04794.mp4
00:05:16 | d:\Dance\!VIDEO\!ZOUK\!INSTRUCTORS COURSE\2017-11-02 Brazuka Dance Festival\MAH04795.mp4
00:00:52 | d:\Dance\!VIDEO\!ZOUK\!INSTRUCTORS COURSE\2017-11-02 Brazuka Dance Festival\MAH04796.mp4
00:03:27 | d:\Dance\!VIDEO\!ZOUK\!INSTRUCTORS COURSE\2017-11-02 Brazuka Dance Festival\MAH04797.mp4
00:02:22 | d:\Dance\!VIDEO\!ZOUK\!INSTRUCTORS COURSE\2017-11-02 Brazuka Dance Festival\MAH04798.mp4
00:03:31 | d:\Dance\!VIDEO\!ZOUK\!INSTRUCTORS COURSE\2017-11-02 Brazuka Dance Festival\MAH04799.mp4
00:06:14 | d:\Dance\!VIDEO\!ZOUK\!INSTRUCTORS COURSE\2017-11-02 Brazuka Dance Festival\MAH04800.mp4
00:04:43 | d:\Dance\!VIDEO\!ZOUK\!INSTRUCTORS COURSE\2017-11-02 Brazuka Dance Festival\MAH04801.mp4
00:07:10 | d:\Dance\!VIDEO\!ZOUK\!INSTRUCTORS COURSE\2017-11-02 Brazuka Dance Festival\MAH04802.mp4
00:08:51 | d:\Dance\!VIDEO\!ZOUK\!INSTRUCTORS COURSE\2017-11-02 Brazuka Dance Festival\MAH04803.mp4
00:12:05 | d:\Dance\!VIDEO\!ZOUK\!INSTRUCTORS COURSE\2017-11-02 Brazuka Dance Festival\MAH04804.mp4
00:03:34 | d:\Dance\!VIDEO\!ZOUK\!INSTRUCTORS COURSE\2017-11-02 Brazuka Dance Festival\MAH04805.mp4
00:02:36 | d:\Dance\!VIDEO\!ZOUK\!INSTRUCTORS COURSE\2017-11-02 Brazuka Dance Festival\MAH04806.mp4
00:06:27 | d:\Dance\!VIDEO\!ZOUK\!INSTRUCTORS COURSE\2017-11-02 Brazuka Dance Festival\MAH04807.mp4
00:04:08 | d:\Dance\!VIDEO\!ZOUK\!INSTRUCTORS COURSE\2017-11-02 Brazuka Dance Festival\MAH04808.mp4
00:02:11 | d:\Dance\!VIDEO\!ZOUK\!INSTRUCTORS COURSE\2017-11-02 Brazuka Dance Festival\MAH04809.mp4
00:08:44 | d:\Dance\!VIDEO\!ZOUK\!INSTRUCTORS COURSE\2017-11-02 Brazuka Dance Festival\MAH04810.mp4
00:00:45 | d:\Dance\!VIDEO\!ZOUK\!INSTRUCTORS COURSE\2017-11-02 Brazuka Dance Festival\MAH04812.mp4
00:00:33 | d:\Dance\!VIDEO\!ZOUK\!INSTRUCTORS COURSE\2017-11-02 Brazuka Dance Festival\MAH04813.mp4
00:04:31 | d:\Dance\!VIDEO\!ZOUK\!INSTRUCTORS COURSE\2017-11-02 Brazuka Dance Festival\MAH04814.mp4
00:11:48 | d:\Dance\!VIDEO\!ZOUK\!INSTRUCTORS COURSE\2017-11-02 Brazuka Dance Festival\MAH04815.mp4
00:11:23 | d:\Dance\!VIDEO\!ZOUK\!INSTRUCTORS COURSE\2017-11-02 Brazuka Dance Festival\MAH04816.mp4
00:10:45 | d:\Dance\!VIDEO\!ZOUK\!INSTRUCTORS COURSE\2017-11-02 Brazuka Dance Festival\MAH04817.mp4
00:00:23 | d:\Dance\!VIDEO\!ZOUK\!INSTRUCTORS COURSE\2017-11-02 Brazuka Dance Festival\MAH04818.mp4
00:00:32 | d:\Dance\!VIDEO\!ZOUK\!INSTRUCTORS COURSE\2017-11-02 Brazuka Dance Festival\MAH04819.mp4
00:00:26 | d:\Dance\!VIDEO\!ZOUK\!INSTRUCTORS COURSE\2017-11-02 Brazuka Dance Festival\MAH04820.mp4
00:01:07 | d:\Dance\!VIDEO\!ZOUK\!INSTRUCTORS COURSE\2017-11-02 Brazuka Dance Festival\MAH04821.mp4
00:00:22 | d:\Dance\!VIDEO\!ZOUK\!INSTRUCTORS COURSE\2017-11-02 Brazuka Dance Festival\MAH04822.mp4
00:01:01 | d:\Dance\!VIDEO\!ZOUK\!INSTRUCTORS COURSE\2017-11-02 Brazuka Dance Festival\MAH04823.mp4
00:00:45 | d:\Dance\!VIDEO\!ZOUK\!INSTRUCTORS COURSE\2017-11-02 Brazuka Dance Festival\MAH04824.mp4
00:01:44 | d:\Dance\!VIDEO\!ZOUK\!INSTRUCTORS COURSE\2017-11-02 Brazuka Dance Festival\MAH04825.mp4
00:04:56 | d:\Dance\!VIDEO\!ZOUK\!INSTRUCTORS COURSE\2017-11-02 Brazuka Dance Festival\MAH04826.mp4
00:03:16 | d:\Dance\!VIDEO\!ZOUK\!INSTRUCTORS COURSE\2017-11-02 Brazuka Dance Festival\MAH04827.mp4
00:04:45 | d:\Dance\!VIDEO\!ZOUK\!INSTRUCTORS COURSE\2017-11-02 Brazuka Dance Festival\MAH04828.mp4
00:01:54 | d:\Dance\!VIDEO\!ZOUK\!INSTRUCTORS COURSE\2017-11-02 Brazuka Dance Festival\MAH04829.mp4
00:09:04 | d:\Dance\!VIDEO\!ZOUK\!INSTRUCTORS COURSE\2017-11-02 Brazuka Dance Festival\MAH04830.mp4
00:00:56 | d:\Dance\!VIDEO\!ZOUK\!INSTRUCTORS COURSE\2017-11-02 Brazuka Dance Festival\MAH04831.mp4
00:00:34 | d:\Dance\!VIDEO\!ZOUK\!INSTRUCTORS COURSE\2017-11-02 Brazuka Dance Festival\MAH04832.mp4
00:14:42 | d:\Dance\!VIDEO\!ZOUK\!INSTRUCTORS COURSE\2017-11-02 Brazuka Dance Festival\MAH04833.mp4
00:00:59 | d:\Dance\!VIDEO\!ZOUK\!INSTRUCTORS COURSE\2017-11-02 Brazuka Dance Festival\MAH04834.mp4
00:01:18 | d:\Dance\!VIDEO\!ZOUK\!INSTRUCTORS COURSE\2017-11-02 Brazuka Dance Festival\MAH04836.mp4
00:02:32 | d:\Dance\!VIDEO\!ZOUK\!INSTRUCTORS COURSE\2017-11-02 Brazuka Dance Festival\MAH04837.mp4
00:02:31 | d:\Dance\!VIDEO\!ZOUK\!INSTRUCTORS COURSE\2017-11-02 Brazuka Dance Festival\MAH04838.mp4
00:05:51 | d:\Dance\!VIDEO\!ZOUK\!INSTRUCTORS COURSE\2017-11-02 Brazuka Dance Festival\MAH04839.mp4
00:02:36 | d:\Dance\!VIDEO\!ZOUK\!INSTRUCTORS COURSE\2017-11-02 Brazuka Dance Festival\MAH04840.mp4
00:00:16 | d:\Dance\!VIDEO\!ZOUK\!INSTRUCTORS COURSE\2017-11-02 Brazuka Dance Festival\MAH04841.mp4
00:02:47 | d:\Dance\!VIDEO\!ZOUK\!INSTRUCTORS COURSE\2017-11-02 Brazuka Dance Festival\MAH04910.mp4
00:03:56 | d:\Dance\!VIDEO\!ZOUK\!INSTRUCTORS COURSE\2017-11-02 Brazuka Dance Festival\MAH05034.mp4
